test_exact_versions_are_allowed (scripts.tests.test_validate_supply_chain.DynamicVersionTest.test_exact_versions_are_allowed) ... ok
test_exact_versions_with_non_range_punctuation_are_allowed (scripts.tests.test_validate_supply_chain.DynamicVersionTest.test_exact_versions_with_non_range_punctuation_are_allowed) ... ok
test_gradle_plus_versions_are_rejected (scripts.tests.test_validate_supply_chain.DynamicVersionTest.test_gradle_plus_versions_are_rejected) ... ok
test_latest_and_snapshot_are_rejected (scripts.tests.test_validate_supply_chain.DynamicVersionTest.test_latest_and_snapshot_are_rejected) ... ok
test_maven_ranges_are_rejected (scripts.tests.test_validate_supply_chain.DynamicVersionTest.test_maven_ranges_are_rejected) ... ok
test_alternate_range_is_rejected_in_gradle_dependency_string (scripts.tests.test_validate_supply_chain.RepositoryPolicyTest.test_alternate_range_is_rejected_in_gradle_dependency_string) ... ok
test_alternate_range_is_rejected_in_verification_metadata (scripts.tests.test_validate_supply_chain.RepositoryPolicyTest.test_alternate_range_is_rejected_in_verification_metadata) ... ok
test_app_multiprocess_attributes_are_rejected (scripts.tests.test_validate_supply_chain.RepositoryPolicyTest.test_app_multiprocess_attributes_are_rejected) ... ok
test_applied_gradle_script_cannot_escape_inventory (scripts.tests.test_validate_supply_chain.RepositoryPolicyTest.test_applied_gradle_script_cannot_escape_inventory) ... ok
test_approved_project_edges_have_no_edge_error (scripts.tests.test_validate_supply_chain.RepositoryPolicyTest.test_approved_project_edges_have_no_edge_error) ... ok
test_bare_dash_sequence_items_receive_distinct_mapping_scopes (scripts.tests.test_validate_supply_chain.RepositoryPolicyTest.test_bare_dash_sequence_items_receive_distinct_mapping_scopes) ... ok
test_debug_runtime_drift_from_audited_release_runtime_is_rejected (scripts.tests.test_validate_supply_chain.RepositoryPolicyTest.test_debug_runtime_drift_from_audited_release_runtime_is_rejected) ... ok
test_escaped_action_key_is_rejected (scripts.tests.test_validate_supply_chain.RepositoryPolicyTest.test_escaped_action_key_is_rejected) ... ok
test_explicit_yaml_key_is_rejected (scripts.tests.test_validate_supply_chain.RepositoryPolicyTest.test_explicit_yaml_key_is_rejected) ... ok
test_find_project_dependency_lookup_is_rejected (scripts.tests.test_validate_supply_chain.RepositoryPolicyTest.test_find_project_dependency_lookup_is_rejected) ... ok
test_flow_mapping_action_cannot_escape_pin_check (scripts.tests.test_validate_supply_chain.RepositoryPolicyTest.test_flow_mapping_action_cannot_escape_pin_check) ... ok
test_forbidden_project_edge_is_rejected (scripts.tests.test_validate_supply_chain.RepositoryPolicyTest.test_forbidden_project_edge_is_rejected) ... ok
test_full_tree_toml_exact_version_control_passes (scripts.tests.test_validate_supply_chain.RepositoryPolicyTest.test_full_tree_toml_exact_version_control_passes) ... ok
test_full_tree_toml_gradle_range_forms_are_rejected (scripts.tests.test_validate_supply_chain.RepositoryPolicyTest.test_full_tree_toml_gradle_range_forms_are_rejected) ... ok
test_gradle_launchers_and_daemon_properties_are_hash_pinned (scripts.tests.test_validate_supply_chain.RepositoryPolicyTest.test_gradle_launchers_and_daemon_properties_are_hash_pinned) ... ok
test_groovy_applied_script_is_rejected (scripts.tests.test_validate_supply_chain.RepositoryPolicyTest.test_groovy_applied_script_is_rejected) ... ok
test_groovy_map_apply_is_rejected (scripts.tests.test_validate_supply_chain.RepositoryPolicyTest.test_groovy_map_apply_is_rejected) ... ok
test_groovy_no_parentheses_include_build_is_rejected (scripts.tests.test_validate_supply_chain.RepositoryPolicyTest.test_groovy_no_parentheses_include_build_is_rejected) ... ok
test_groovy_project_edge_cannot_bypass_policy (scripts.tests.test_validate_supply_chain.RepositoryPolicyTest.test_groovy_project_edge_cannot_bypass_policy) ... ok
test_groovy_project_method_pointer_is_rejected (scripts.tests.test_validate_supply_chain.RepositoryPolicyTest.test_groovy_project_method_pointer_is_rejected) ... ok
test_invalid_anchor_like_node_fails_closed (scripts.tests.test_validate_supply_chain.RepositoryPolicyTest.test_invalid_anchor_like_node_fails_closed) ... ok
test_invalid_yaml_constructs_fail_closed (scripts.tests.test_validate_supply_chain.RepositoryPolicyTest.test_invalid_yaml_constructs_fail_closed) ... ok
test_local_action_is_outside_the_approved_inventory (scripts.tests.test_validate_supply_chain.RepositoryPolicyTest.test_local_action_is_outside_the_approved_inventory) ... ok
test_missing_and_traversing_local_actions_are_rejected (scripts.tests.test_validate_supply_chain.RepositoryPolicyTest.test_missing_and_traversing_local_actions_are_rejected) ... ok
test_named_project_edge_cannot_bypass_policy (scripts.tests.test_validate_supply_chain.RepositoryPolicyTest.test_named_project_edge_cannot_bypass_policy) ... ok
test_nested_flow_reusable_workflow_is_rejected (scripts.tests.test_validate_supply_chain.RepositoryPolicyTest.test_nested_flow_reusable_workflow_is_rejected) ... ok
test_parallel_groovy_settings_file_is_rejected (scripts.tests.test_validate_supply_chain.RepositoryPolicyTest.test_parallel_groovy_settings_file_is_rejected) ... ok
test_parenthesized_type_safe_project_accessor_is_rejected (scripts.tests.test_validate_supply_chain.RepositoryPolicyTest.test_parenthesized_type_safe_project_accessor_is_rejected) ... ok
test_plain_apostrophes_expression_literals_and_block_content_are_allowed (scripts.tests.test_validate_supply_chain.RepositoryPolicyTest.test_plain_apostrophes_expression_literals_and_block_content_are_allowed) ... ok
test_plain_run_braces_and_star_are_not_yaml_structure (scripts.tests.test_validate_supply_chain.RepositoryPolicyTest.test_plain_run_braces_and_star_are_not_yaml_structure) ... ok
test_quoted_unpinned_action_key_is_rejected (scripts.tests.test_validate_supply_chain.RepositoryPolicyTest.test_quoted_unpinned_action_key_is_rejected) ... ok
test_repository_policy_currently_passes (scripts.tests.test_validate_supply_chain.RepositoryPolicyTest.test_repository_policy_currently_passes) ... ok
test_required_lockfile_deletion_is_rejected (scripts.tests.test_validate_supply_chain.RepositoryPolicyTest.test_required_lockfile_deletion_is_rejected) ... ok
test_scoped_type_safe_accessor_is_rejected (scripts.tests.test_validate_supply_chain.RepositoryPolicyTest.test_scoped_type_safe_accessor_is_rejected) ... ok
test_sdk_permission_and_dynamic_permission_nodes_are_rejected (scripts.tests.test_validate_supply_chain.RepositoryPolicyTest.test_sdk_permission_and_dynamic_permission_nodes_are_rejected) ... ok
test_shared_uid_manifest_attributes_are_rejected (scripts.tests.test_validate_supply_chain.RepositoryPolicyTest.test_shared_uid_manifest_attributes_are_rejected) ... ok
test_source_camera_permission_cannot_have_max_sdk (scripts.tests.test_validate_supply_chain.RepositoryPolicyTest.test_source_camera_permission_cannot_have_max_sdk) ... ok
test_spaced_merge_key_and_flow_map_cannot_hide_action (scripts.tests.test_validate_supply_chain.RepositoryPolicyTest.test_spaced_merge_key_and_flow_map_cannot_hide_action) ... ok
test_toml_escaped_dynamic_versions_are_rejected_after_decode (scripts.tests.test_validate_supply_chain.RepositoryPolicyTest.test_toml_escaped_dynamic_versions_are_rejected_after_decode) ... ok
test_trusted_artifacts_cannot_disable_dependency_verification (scripts.tests.test_validate_supply_chain.RepositoryPolicyTest.test_trusted_artifacts_cannot_disable_dependency_verification) ... ok
test_type_safe_project_edge_cannot_bypass_policy (scripts.tests.test_validate_supply_chain.RepositoryPolicyTest.test_type_safe_project_edge_cannot_bypass_policy) ... ok
test_unpinned_action_and_permission_are_rejected (scripts.tests.test_validate_supply_chain.RepositoryPolicyTest.test_unpinned_action_and_permission_are_rejected) ... ok
test_unpinned_job_and_service_containers_are_rejected (scripts.tests.test_validate_supply_chain.RepositoryPolicyTest.test_unpinned_job_and_service_containers_are_rejected) ... ok
test_unrecognized_project_call_fails_closed (scripts.tests.test_validate_supply_chain.RepositoryPolicyTest.test_unrecognized_project_call_fails_closed) ... ok
test_uses_text_in_run_string_and_comment_is_not_a_mapping (scripts.tests.test_validate_supply_chain.RepositoryPolicyTest.test_uses_text_in_run_string_and_comment_is_not_a_mapping) ... ok
test_variable_include_build_is_rejected (scripts.tests.test_validate_supply_chain.RepositoryPolicyTest.test_variable_include_build_is_rejected) ... ok
test_yaml_anchor_alias_is_rejected (scripts.tests.test_validate_supply_chain.RepositoryPolicyTest.test_yaml_anchor_alias_is_rejected) ... ok
test_yaml_tags_cannot_hide_action_key (scripts.tests.test_validate_supply_chain.RepositoryPolicyTest.test_yaml_tags_cannot_hide_action_key) ... ok

----------------------------------------------------------------------
Ran 53 tests in 7.400s

OK
