test_duplicate_canonical_id_rules_are_rejected (test_audit_runtime_licenses.LockAndPolicyParsingTest.test_duplicate_canonical_id_rules_are_rejected) ... ok
test_exception_missing_required_review_evidence_is_rejected (test_audit_runtime_licenses.LockAndPolicyParsingTest.test_exception_missing_required_review_evidence_is_rejected) ... ok
test_legacy_policy_schema_is_rejected (test_audit_runtime_licenses.LockAndPolicyParsingTest.test_legacy_policy_schema_is_rejected) ... ok
test_lock_parser_selects_exact_configuration (test_audit_runtime_licenses.LockAndPolicyParsingTest.test_lock_parser_selects_exact_configuration) ... ok
test_malformed_or_empty_target_lock_is_rejected (test_audit_runtime_licenses.LockAndPolicyParsingTest.test_malformed_or_empty_target_lock_is_rejected) ... ok
test_path_like_lock_and_parent_coordinates_are_rejected (test_audit_runtime_licenses.LockAndPolicyParsingTest.test_path_like_lock_and_parent_coordinates_are_rejected) ... ok
test_policy_cannot_drift_to_a_non_release_configuration (test_audit_runtime_licenses.LockAndPolicyParsingTest.test_policy_cannot_drift_to_a_non_release_configuration) ... ok
test_wildcard_exception_coordinate_is_rejected (test_audit_runtime_licenses.LockAndPolicyParsingTest.test_wildcard_exception_coordinate_is_rejected) ... ok
test_bound_pom_and_jar_hash_field_mutations_fail (test_audit_runtime_licenses.RuntimeLicenseAuditTest.test_bound_pom_and_jar_hash_field_mutations_fail) ... ok
test_checked_in_technical_exception_is_exactly_pinned (test_audit_runtime_licenses.RuntimeLicenseAuditTest.test_checked_in_technical_exception_is_exactly_pinned) ... ok
test_class_count_field_and_required_flags_mutations_fail (test_audit_runtime_licenses.RuntimeLicenseAuditTest.test_class_count_field_and_required_flags_mutations_fail) ... ok
test_disallowed_license_rule_fails_closed (test_audit_runtime_licenses.RuntimeLicenseAuditTest.test_disallowed_license_rule_fails_closed) ... ok
test_duplicate_license_containers_and_fields_are_invalid (test_audit_runtime_licenses.RuntimeLicenseAuditTest.test_duplicate_license_containers_and_fields_are_invalid) ... ok
test_exception_declaration_and_coordinate_drift_fail_at_policy_load (test_audit_runtime_licenses.RuntimeLicenseAuditTest.test_exception_declaration_and_coordinate_drift_fail_at_policy_load) ... ok
test_explicit_empty_licenses_fail_without_inferred_inheritance (test_audit_runtime_licenses.RuntimeLicenseAuditTest.test_explicit_empty_licenses_fail_without_inferred_inheritance) ... ok
test_foreign_namespace_root_and_license_fields_are_invalid (test_audit_runtime_licenses.RuntimeLicenseAuditTest.test_foreign_namespace_root_and_license_fields_are_invalid) ... ok
test_gpl_classpath_in_multiple_declarations_requires_manual_review (test_audit_runtime_licenses.RuntimeLicenseAuditTest.test_gpl_classpath_in_multiple_declarations_requires_manual_review) ... ok
test_happy_path (test_audit_runtime_licenses.RuntimeLicenseAuditTest.test_happy_path) ... ok
test_inventory_is_sorted_by_coordinate_and_license (test_audit_runtime_licenses.RuntimeLicenseAuditTest.test_inventory_is_sorted_by_coordinate_and_license) ... ok
test_jar_class_count_and_annotation_flag_drift_fail (test_audit_runtime_licenses.RuntimeLicenseAuditTest.test_jar_class_count_and_annotation_flag_drift_fail) ... ok
test_jar_hash_and_class_parse_use_the_same_byte_snapshot (test_audit_runtime_licenses.RuntimeLicenseAuditTest.test_jar_hash_and_class_parse_use_the_same_byte_snapshot) ... ok
test_joint_policy_artifact_count_and_source_drift_is_rejected (test_audit_runtime_licenses.RuntimeLicenseAuditTest.test_joint_policy_artifact_count_and_source_drift_is_rejected) ... ok
test_legal_approval_narrative_and_status_drift_are_rejected (test_audit_runtime_licenses.RuntimeLicenseAuditTest.test_legal_approval_narrative_and_status_drift_are_rejected) ... ok
test_malformed_and_unknown_classfiles_fail (test_audit_runtime_licenses.RuntimeLicenseAuditTest.test_malformed_and_unknown_classfiles_fail) ... ok
test_missing_and_ambiguous_main_jar_artifacts_fail (test_audit_runtime_licenses.RuntimeLicenseAuditTest.test_missing_and_ambiguous_main_jar_artifacts_fail) ... ok
test_missing_and_mutated_pinned_source_file_fail (test_audit_runtime_licenses.RuntimeLicenseAuditTest.test_missing_and_mutated_pinned_source_file_fail) ... ok
test_missing_license_and_parent_is_undeclared (test_audit_runtime_licenses.RuntimeLicenseAuditTest.test_missing_license_and_parent_is_undeclared) ... ok
test_missing_pom_fails_closed (test_audit_runtime_licenses.RuntimeLicenseAuditTest.test_missing_pom_fails_closed) ... ok
test_multiple_cached_pom_candidates_are_ambiguous (test_audit_runtime_licenses.RuntimeLicenseAuditTest.test_multiple_cached_pom_candidates_are_ambiguous) ... ok
test_nested_markup_in_scalar_license_fields_is_invalid (test_audit_runtime_licenses.RuntimeLicenseAuditTest.test_nested_markup_in_scalar_license_fields_is_invalid) ... ok
test_parent_license_inheritance_is_recursive_and_evidenced (test_audit_runtime_licenses.RuntimeLicenseAuditTest.test_parent_license_inheritance_is_recursive_and_evidenced) ... ok
test_partial_license_declaration_is_ambiguous (test_audit_runtime_licenses.RuntimeLicenseAuditTest.test_partial_license_declaration_is_ambiguous) ... ok
test_source_path_escape_and_missing_or_ambiguous_source_records_fail (test_audit_runtime_licenses.RuntimeLicenseAuditTest.test_source_path_escape_and_missing_or_ambiguous_source_records_fail) ... ok
test_source_path_hash_url_and_url_hash_mutations_fail (test_audit_runtime_licenses.RuntimeLicenseAuditTest.test_source_path_hash_url_and_url_hash_mutations_fail) ... ok
test_unqualified_legacy_pom_is_explicitly_supported (test_audit_runtime_licenses.RuntimeLicenseAuditTest.test_unqualified_legacy_pom_is_explicitly_supported) ... ok
test_utf16_doctype_and_internal_entities_are_rejected (test_audit_runtime_licenses.RuntimeLicenseAuditTest.test_utf16_doctype_and_internal_entities_are_rejected) ... ok
test_camera_and_custom_receiver_permission_parse (test_validate_apk_policy.ApkPermissionParserTest.test_camera_and_custom_receiver_permission_parse) ... ok
test_camera_is_required_exactly_once (test_validate_apk_policy.ApkPermissionParserTest.test_camera_is_required_exactly_once) ... ok
test_every_merged_multiprocess_attribute_is_rejected_by_presence (test_validate_apk_policy.ApkPermissionParserTest.test_every_merged_multiprocess_attribute_is_rejected_by_presence) ... ok
test_full_validator_rejects_missing_camera_and_wrong_package (test_validate_apk_policy.ApkPermissionParserTest.test_full_validator_rejects_missing_camera_and_wrong_package) ... ok
test_internet_permission_is_observable (test_validate_apk_policy.ApkPermissionParserTest.test_internet_permission_is_observable) ... ok
test_missing_weakened_duplicate_and_foreign_permission_declarations_fail (test_validate_apk_policy.ApkPermissionParserTest.test_missing_weakened_duplicate_and_foreign_permission_declarations_fail) ... ok
test_package_name_is_exact (test_validate_apk_policy.ApkPermissionParserTest.test_package_name_is_exact) ... ok
test_permission_attributes_and_sdk_tags_cannot_hide_internet (test_validate_apk_policy.ApkPermissionParserTest.test_permission_attributes_and_sdk_tags_cannot_hide_internet) ... ok
test_permission_tree_and_group_nodes_are_rejected (test_validate_apk_policy.ApkPermissionParserTest.test_permission_tree_and_group_nodes_are_rejected) ... ok
test_receiver_permission_declaration_is_exact_signature (test_validate_apk_policy.ApkPermissionParserTest.test_receiver_permission_declaration_is_exact_signature) ... ok
test_receiver_permission_request_is_required_exactly_once (test_validate_apk_policy.ApkPermissionParserTest.test_receiver_permission_request_is_required_exactly_once) ... ok
test_shared_uid_attributes_are_rejected_by_presence (test_validate_apk_policy.ApkPermissionParserTest.test_shared_uid_attributes_are_rejected_by_presence) ... ok
test_unknown_or_ambiguous_permission_dump_line_fails_closed (test_validate_apk_policy.ApkPermissionParserTest.test_unknown_or_ambiguous_permission_dump_line_fails_closed) ... ok
test_authority_byte_change_without_manifest_update_is_rejected (test_validate_capability_policy.CapabilityPolicyConsistencyTest.test_authority_byte_change_without_manifest_update_is_rejected) ... ok
test_authority_order_mismatch_is_rejected (test_validate_capability_policy.CapabilityPolicyConsistencyTest.test_authority_order_mismatch_is_rejected) ... ok
test_candidate_authority_text_cannot_claim_implementation_approval (test_validate_capability_policy.CapabilityPolicyConsistencyTest.test_candidate_authority_text_cannot_claim_implementation_approval) ... ok
test_candidate_denial_and_rejected_history_are_allowed (test_validate_capability_policy.CapabilityPolicyConsistencyTest.test_candidate_denial_and_rejected_history_are_allowed) ... ok
test_candidate_manifest_cannot_authorize_implementation (test_validate_capability_policy.CapabilityPolicyConsistencyTest.test_candidate_manifest_cannot_authorize_implementation) ... ok
test_context_word_appended_after_normative_claim_does_not_evade (test_validate_capability_policy.CapabilityPolicyConsistencyTest.test_context_word_appended_after_normative_claim_does_not_evade) ... ok
test_duplicate_manifest_key_is_rejected (test_validate_capability_policy.CapabilityPolicyConsistencyTest.test_duplicate_manifest_key_is_rejected) ... ok
test_every_governed_input_class_uses_one_path_helper (test_validate_capability_policy.CapabilityPolicyConsistencyTest.test_every_governed_input_class_uses_one_path_helper) ... ok
test_governed_actual_windows_ancestor_junction_is_rejected (test_validate_capability_policy.CapabilityPolicyConsistencyTest.test_governed_actual_windows_ancestor_junction_is_rejected) ... ok
test_governed_ancestor_directory_symlink_is_rejected (test_validate_capability_policy.CapabilityPolicyConsistencyTest.test_governed_ancestor_directory_symlink_is_rejected) ... skipped "symlink primitive unavailable: [WinError 1314] 클라이언트가 필요한 권한을 가지고 있지 않습니다: 'C:\\\\Users\\\\User\\\\AppData\\\\Local\\\\Temp\\\\tmpwtu6j5dl\\\\outside' -> 'C:\\\\Users\\\\User\\\\AppData\\\\Local\\\\Temp\\\\tmpwtu6j5dl\\\\root\\\\docs'"
test_governed_ancestor_symlink_detector_fixture_is_fail_closed (test_validate_capability_policy.CapabilityPolicyConsistencyTest.test_governed_ancestor_symlink_detector_fixture_is_fail_closed) ... ok
test_governed_final_file_symlink_is_rejected (test_validate_capability_policy.CapabilityPolicyConsistencyTest.test_governed_final_file_symlink_is_rejected) ... skipped "symlink primitive unavailable: [WinError 1314] 클라이언트가 필요한 권한을 가지고 있지 않습니다: 'C:\\\\Users\\\\User\\\\AppData\\\\Local\\\\Temp\\\\tmplneuoa1v\\\\outside.md' -> 'C:\\\\Users\\\\User\\\\AppData\\\\Local\\\\Temp\\\\tmplneuoa1v\\\\root\\\\docs\\\\input.md'"
test_governed_final_symlink_detector_fixture_is_fail_closed (test_validate_capability_policy.CapabilityPolicyConsistencyTest.test_governed_final_symlink_detector_fixture_is_fail_closed) ... ok
test_governed_lexical_absolute_and_parent_escape_are_rejected (test_validate_capability_policy.CapabilityPolicyConsistencyTest.test_governed_lexical_absolute_and_parent_escape_are_rejected) ... ok
test_governed_missing_and_directory_targets_are_rejected (test_validate_capability_policy.CapabilityPolicyConsistencyTest.test_governed_missing_and_directory_targets_are_rejected) ... ok
test_governed_regular_file_is_accepted (test_validate_capability_policy.CapabilityPolicyConsistencyTest.test_governed_regular_file_is_accepted) ... ok
test_governed_reparse_detector_fixture_is_fail_closed (test_validate_capability_policy.CapabilityPolicyConsistencyTest.test_governed_reparse_detector_fixture_is_fail_closed) ... ok
test_governed_resolved_out_of_root_is_rejected (test_validate_capability_policy.CapabilityPolicyConsistencyTest.test_governed_resolved_out_of_root_is_rejected) ... ok
test_historical_v10_manifest_missing_is_rejected (test_validate_capability_policy.CapabilityPolicyConsistencyTest.test_historical_v10_manifest_missing_is_rejected) ... ok
test_historical_v10_manifest_mutation_is_rejected (test_validate_capability_policy.CapabilityPolicyConsistencyTest.test_historical_v10_manifest_mutation_is_rejected) ... ok
test_historical_v11_manifest_hash_is_frozen (test_validate_capability_policy.CapabilityPolicyConsistencyTest.test_historical_v11_manifest_hash_is_frozen) ... ok
test_legacy_current_declaration_is_rejected_even_with_refreshed_hash (test_validate_capability_policy.CapabilityPolicyConsistencyTest.test_legacy_current_declaration_is_rejected_even_with_refreshed_hash) ... ok
test_legacy_governing_declaration_is_rejected_with_refreshed_hash (test_validate_capability_policy.CapabilityPolicyConsistencyTest.test_legacy_governing_declaration_is_rejected_with_refreshed_hash) ... ok
test_local_negation_does_not_hide_a_different_positive_clause (test_validate_capability_policy.CapabilityPolicyConsistencyTest.test_local_negation_does_not_hide_a_different_positive_clause) ... ok
test_manifest_crlf_is_rejected (test_validate_capability_policy.CapabilityPolicyConsistencyTest.test_manifest_crlf_is_rejected) ... ok
test_minimum_current_authority_set_passes (test_validate_capability_policy.CapabilityPolicyConsistencyTest.test_minimum_current_authority_set_passes) ... ok
test_missing_review_11_is_rejected (test_validate_capability_policy.CapabilityPolicyConsistencyTest.test_missing_review_11_is_rejected) ... ok
test_older_policy_revision_line_is_rejected (test_validate_capability_policy.CapabilityPolicyConsistencyTest.test_older_policy_revision_line_is_rejected) ... ok
test_policy_revision_hidden_only_in_comment_is_rejected (test_validate_capability_policy.CapabilityPolicyConsistencyTest.test_policy_revision_hidden_only_in_comment_is_rejected) ... ok
test_rejected_v3_marker_must_name_the_exact_current_five (test_validate_capability_policy.CapabilityPolicyConsistencyTest.test_rejected_v3_marker_must_name_the_exact_current_five) ... ok
test_repository_current_policy_references_are_consistent (test_validate_capability_policy.CapabilityPolicyConsistencyTest.test_repository_current_policy_references_are_consistent) ... ok
test_repository_root_reached_through_symlink_ancestor_is_rejected (test_validate_capability_policy.CapabilityPolicyConsistencyTest.test_repository_root_reached_through_symlink_ancestor_is_rejected) ... skipped "symlink primitive unavailable: [WinError 1314] 클라이언트가 필요한 권한을 가지고 있지 않습니다: 'C:\\\\Users\\\\User\\\\AppData\\\\Local\\\\Temp\\\\tmpfcy5zsgi\\\\actual' -> 'C:\\\\Users\\\\User\\\\AppData\\\\Local\\\\Temp\\\\tmpfcy5zsgi\\\\redirected'"
test_repository_root_reparse_ancestor_detector_is_fail_closed (test_validate_capability_policy.CapabilityPolicyConsistencyTest.test_repository_root_reparse_ancestor_detector_is_fail_closed) ... ok
test_stale_execution_revision_is_rejected (test_validate_capability_policy.CapabilityPolicyConsistencyTest.test_stale_execution_revision_is_rejected) ... ok
test_unexpected_review_is_rejected (test_validate_capability_policy.CapabilityPolicyConsistencyTest.test_unexpected_review_is_rejected) ... ok
test_unsafe_post_close_cache_directive_is_rejected (test_validate_capability_policy.CapabilityPolicyConsistencyTest.test_unsafe_post_close_cache_directive_is_rejected) ... ok
test_validator_source_uses_ascii_unicode_escapes (test_validate_capability_policy.CapabilityPolicyConsistencyTest.test_validator_source_uses_ascii_unicode_escapes) ... ok
test_artifact_drift_is_rejected (test_validate_evidence_bundle.EvidenceBundleValidatorTest.test_artifact_drift_is_rejected) ... ok
test_artifact_filename_without_digest_is_rejected (test_validate_evidence_bundle.EvidenceBundleValidatorTest.test_artifact_filename_without_digest_is_rejected) ... ok
test_duplicate_manifest_path_is_rejected_case_insensitively (test_validate_evidence_bundle.EvidenceBundleValidatorTest.test_duplicate_manifest_path_is_rejected_case_insensitively) ... ok
test_manifest_path_escape_is_rejected (test_validate_evidence_bundle.EvidenceBundleValidatorTest.test_manifest_path_escape_is_rejected) ... ok
test_mutable_build_artifact_path_is_rejected (test_validate_evidence_bundle.EvidenceBundleValidatorTest.test_mutable_build_artifact_path_is_rejected) ... ok
test_source_tree_mismatch_is_rejected (test_validate_evidence_bundle.EvidenceBundleValidatorTest.test_source_tree_mismatch_is_rejected) ... ok
test_unknown_provenance_field_is_rejected (test_validate_evidence_bundle.EvidenceBundleValidatorTest.test_unknown_provenance_field_is_rejected) ... ok
test_unlisted_validation_evidence_is_rejected (test_validate_evidence_bundle.EvidenceBundleValidatorTest.test_unlisted_validation_evidence_is_rejected) ... ok
test_valid_content_addressed_bundle_passes (test_validate_evidence_bundle.EvidenceBundleValidatorTest.test_valid_content_addressed_bundle_passes) ... ok
test_ambiguous_runtime_aar_owners_are_rejected (test_validate_native_runtime.NativeRuntimeValidationTest.test_ambiguous_runtime_aar_owners_are_rejected) ... ok
test_cached_aar_hash_not_in_verification_metadata_is_rejected (test_validate_native_runtime.NativeRuntimeValidationTest.test_cached_aar_hash_not_in_verification_metadata_is_rejected) ... ok
test_duplicate_apk_native_paths_are_rejected (test_validate_native_runtime.NativeRuntimeValidationTest.test_duplicate_apk_native_paths_are_rejected) ... ok
test_expected_inventory_apk_hash_mismatch_is_rejected (test_validate_native_runtime.NativeRuntimeValidationTest.test_expected_inventory_apk_hash_mismatch_is_rejected) ... ok
test_pass_maps_every_apk_native_entry_to_verified_runtime_aar (test_validate_native_runtime.NativeRuntimeValidationTest.test_pass_maps_every_apk_native_entry_to_verified_runtime_aar) ... ok
test_two_artifacts_for_same_coordinate_are_ambiguous (test_validate_native_runtime.NativeRuntimeValidationTest.test_two_artifacts_for_same_coordinate_are_ambiguous) ... ok
test_unmatched_apk_native_entry_is_rejected (test_validate_native_runtime.NativeRuntimeValidationTest.test_unmatched_apk_native_entry_is_rejected) ... ok
test_jpeg_in_app_drawable_is_rejected (test_validate_project_assets.ProjectAssetValidatorTest.test_jpeg_in_app_drawable_is_rejected) ... ok
test_mixed_generation_method_is_rejected (test_validate_project_assets.ProjectAssetValidatorTest.test_mixed_generation_method_is_rejected) ... ok
test_no_assets_is_explicitly_not_g6 (test_validate_project_assets.ProjectAssetValidatorTest.test_no_assets_is_explicitly_not_g6) ... ok
test_path_traversal_is_rejected (test_validate_project_assets.ProjectAssetValidatorTest.test_path_traversal_is_rejected) ... ok
test_raster_in_games_module_is_rejected (test_validate_project_assets.ProjectAssetValidatorTest.test_raster_in_games_module_is_rejected) ... ok
test_registry_external_asset_is_rejected (test_validate_project_assets.ProjectAssetValidatorTest.test_registry_external_asset_is_rejected) ... ok
test_valid_synthetic_lineage (test_validate_project_assets.ProjectAssetValidatorTest.test_valid_synthetic_lineage) ... ok
test_vector_drawable_is_rejected (test_validate_project_assets.ProjectAssetValidatorTest.test_vector_drawable_is_rejected) ... ok
test_visual_in_android_assets_is_rejected (test_validate_project_assets.ProjectAssetValidatorTest.test_visual_in_android_assets_is_rejected) ... ok
test_wrong_hash_is_rejected (test_validate_project_assets.ProjectAssetValidatorTest.test_wrong_hash_is_rejected) ... ok
test_exact_versions_are_allowed (test_validate_supply_chain.DynamicVersionTest.test_exact_versions_are_allowed) ... ok
test_exact_versions_with_non_range_punctuation_are_allowed (test_validate_supply_chain.DynamicVersionTest.test_exact_versions_with_non_range_punctuation_are_allowed) ... ok
test_gradle_plus_versions_are_rejected (test_validate_supply_chain.DynamicVersionTest.test_gradle_plus_versions_are_rejected) ... ok
test_latest_and_snapshot_are_rejected (test_validate_supply_chain.DynamicVersionTest.test_latest_and_snapshot_are_rejected) ... ok
test_maven_ranges_are_rejected (test_validate_supply_chain.DynamicVersionTest.test_maven_ranges_are_rejected) ... ok
test_alternate_range_is_rejected_in_gradle_dependency_string (test_validate_supply_chain.RepositoryPolicyTest.test_alternate_range_is_rejected_in_gradle_dependency_string) ... ok
test_alternate_range_is_rejected_in_verification_metadata (test_validate_supply_chain.RepositoryPolicyTest.test_alternate_range_is_rejected_in_verification_metadata) ... ok
test_app_multiprocess_attributes_are_rejected (test_validate_supply_chain.RepositoryPolicyTest.test_app_multiprocess_attributes_are_rejected) ... ok
test_applied_gradle_script_cannot_escape_inventory (test_validate_supply_chain.RepositoryPolicyTest.test_applied_gradle_script_cannot_escape_inventory) ... ok
test_approved_project_edges_have_no_edge_error (test_validate_supply_chain.RepositoryPolicyTest.test_approved_project_edges_have_no_edge_error) ... ok
test_bare_dash_sequence_items_receive_distinct_mapping_scopes (test_validate_supply_chain.RepositoryPolicyTest.test_bare_dash_sequence_items_receive_distinct_mapping_scopes) ... ok
test_debug_runtime_drift_from_audited_release_runtime_is_rejected (test_validate_supply_chain.RepositoryPolicyTest.test_debug_runtime_drift_from_audited_release_runtime_is_rejected) ... ok
test_escaped_action_key_is_rejected (test_validate_supply_chain.RepositoryPolicyTest.test_escaped_action_key_is_rejected) ... ok
test_explicit_yaml_key_is_rejected (test_validate_supply_chain.RepositoryPolicyTest.test_explicit_yaml_key_is_rejected) ... ok
test_find_project_dependency_lookup_is_rejected (test_validate_supply_chain.RepositoryPolicyTest.test_find_project_dependency_lookup_is_rejected) ... ok
test_flow_mapping_action_cannot_escape_pin_check (test_validate_supply_chain.RepositoryPolicyTest.test_flow_mapping_action_cannot_escape_pin_check) ... ok
test_forbidden_project_edge_is_rejected (test_validate_supply_chain.RepositoryPolicyTest.test_forbidden_project_edge_is_rejected) ... ok
test_full_tree_toml_exact_version_control_passes (test_validate_supply_chain.RepositoryPolicyTest.test_full_tree_toml_exact_version_control_passes) ... ok
test_full_tree_toml_gradle_range_forms_are_rejected (test_validate_supply_chain.RepositoryPolicyTest.test_full_tree_toml_gradle_range_forms_are_rejected) ... ok
test_gradle_launchers_and_daemon_properties_are_hash_pinned (test_validate_supply_chain.RepositoryPolicyTest.test_gradle_launchers_and_daemon_properties_are_hash_pinned) ... ok
test_groovy_applied_script_is_rejected (test_validate_supply_chain.RepositoryPolicyTest.test_groovy_applied_script_is_rejected) ... ok
test_groovy_map_apply_is_rejected (test_validate_supply_chain.RepositoryPolicyTest.test_groovy_map_apply_is_rejected) ... ok
test_groovy_no_parentheses_include_build_is_rejected (test_validate_supply_chain.RepositoryPolicyTest.test_groovy_no_parentheses_include_build_is_rejected) ... ok
test_groovy_project_edge_cannot_bypass_policy (test_validate_supply_chain.RepositoryPolicyTest.test_groovy_project_edge_cannot_bypass_policy) ... ok
test_groovy_project_method_pointer_is_rejected (test_validate_supply_chain.RepositoryPolicyTest.test_groovy_project_method_pointer_is_rejected) ... ok
test_invalid_anchor_like_node_fails_closed (test_validate_supply_chain.RepositoryPolicyTest.test_invalid_anchor_like_node_fails_closed) ... ok
test_invalid_yaml_constructs_fail_closed (test_validate_supply_chain.RepositoryPolicyTest.test_invalid_yaml_constructs_fail_closed) ... ok
test_local_action_is_outside_the_approved_inventory (test_validate_supply_chain.RepositoryPolicyTest.test_local_action_is_outside_the_approved_inventory) ... ok
test_missing_and_traversing_local_actions_are_rejected (test_validate_supply_chain.RepositoryPolicyTest.test_missing_and_traversing_local_actions_are_rejected) ... ok
test_named_project_edge_cannot_bypass_policy (test_validate_supply_chain.RepositoryPolicyTest.test_named_project_edge_cannot_bypass_policy) ... ok
test_nested_flow_reusable_workflow_is_rejected (test_validate_supply_chain.RepositoryPolicyTest.test_nested_flow_reusable_workflow_is_rejected) ... ok
test_parallel_groovy_settings_file_is_rejected (test_validate_supply_chain.RepositoryPolicyTest.test_parallel_groovy_settings_file_is_rejected) ... ok
test_parenthesized_type_safe_project_accessor_is_rejected (test_validate_supply_chain.RepositoryPolicyTest.test_parenthesized_type_safe_project_accessor_is_rejected) ... ok
test_plain_apostrophes_expression_literals_and_block_content_are_allowed (test_validate_supply_chain.RepositoryPolicyTest.test_plain_apostrophes_expression_literals_and_block_content_are_allowed) ... ok
test_plain_run_braces_and_star_are_not_yaml_structure (test_validate_supply_chain.RepositoryPolicyTest.test_plain_run_braces_and_star_are_not_yaml_structure) ... ok
test_quoted_unpinned_action_key_is_rejected (test_validate_supply_chain.RepositoryPolicyTest.test_quoted_unpinned_action_key_is_rejected) ... ok
test_repository_policy_currently_passes (test_validate_supply_chain.RepositoryPolicyTest.test_repository_policy_currently_passes) ... ok
test_required_lockfile_deletion_is_rejected (test_validate_supply_chain.RepositoryPolicyTest.test_required_lockfile_deletion_is_rejected) ... ok
test_scoped_type_safe_accessor_is_rejected (test_validate_supply_chain.RepositoryPolicyTest.test_scoped_type_safe_accessor_is_rejected) ... ok
test_sdk_permission_and_dynamic_permission_nodes_are_rejected (test_validate_supply_chain.RepositoryPolicyTest.test_sdk_permission_and_dynamic_permission_nodes_are_rejected) ... ok
test_shared_uid_manifest_attributes_are_rejected (test_validate_supply_chain.RepositoryPolicyTest.test_shared_uid_manifest_attributes_are_rejected) ... ok
test_source_camera_permission_cannot_have_max_sdk (test_validate_supply_chain.RepositoryPolicyTest.test_source_camera_permission_cannot_have_max_sdk) ... ok
test_spaced_merge_key_and_flow_map_cannot_hide_action (test_validate_supply_chain.RepositoryPolicyTest.test_spaced_merge_key_and_flow_map_cannot_hide_action) ... ok
test_toml_escaped_dynamic_versions_are_rejected_after_decode (test_validate_supply_chain.RepositoryPolicyTest.test_toml_escaped_dynamic_versions_are_rejected_after_decode) ... ok
test_trusted_artifacts_cannot_disable_dependency_verification (test_validate_supply_chain.RepositoryPolicyTest.test_trusted_artifacts_cannot_disable_dependency_verification) ... ok
test_type_safe_project_edge_cannot_bypass_policy (test_validate_supply_chain.RepositoryPolicyTest.test_type_safe_project_edge_cannot_bypass_policy) ... ok
test_unpinned_action_and_permission_are_rejected (test_validate_supply_chain.RepositoryPolicyTest.test_unpinned_action_and_permission_are_rejected) ... ok
test_unpinned_job_and_service_containers_are_rejected (test_validate_supply_chain.RepositoryPolicyTest.test_unpinned_job_and_service_containers_are_rejected) ... ok
test_unrecognized_project_call_fails_closed (test_validate_supply_chain.RepositoryPolicyTest.test_unrecognized_project_call_fails_closed) ... ok
test_uses_text_in_run_string_and_comment_is_not_a_mapping (test_validate_supply_chain.RepositoryPolicyTest.test_uses_text_in_run_string_and_comment_is_not_a_mapping) ... ok
test_variable_include_build_is_rejected (test_validate_supply_chain.RepositoryPolicyTest.test_variable_include_build_is_rejected) ... ok
test_yaml_anchor_alias_is_rejected (test_validate_supply_chain.RepositoryPolicyTest.test_yaml_anchor_alias_is_rejected) ... ok
test_yaml_tags_cannot_hide_action_key (test_validate_supply_chain.RepositoryPolicyTest.test_yaml_tags_cannot_hide_action_key) ... ok

----------------------------------------------------------------------
Ran 165 tests in 17.164s

OK (skipped=3)
