test_authorization_record_extra_field_is_rejected (scripts.tests.test_validate_capability_policy_authorization.AuthorizationNegativeTests.test_authorization_record_extra_field_is_rejected) ... ok
test_changed_governed_bytes_in_descendant_are_rejected (scripts.tests.test_validate_capability_policy_authorization.AuthorizationNegativeTests.test_changed_governed_bytes_in_descendant_are_rejected) ... ok
test_cherry_picked_authorization_is_rejected (scripts.tests.test_validate_capability_policy_authorization.AuthorizationNegativeTests.test_cherry_picked_authorization_is_rejected) ... ok
test_conditional_verdict_is_rejected (scripts.tests.test_validate_capability_policy_authorization.AuthorizationNegativeTests.test_conditional_verdict_is_rejected) ... ok
test_duplicate_review_id_is_rejected (scripts.tests.test_validate_capability_policy_authorization.AuthorizationNegativeTests.test_duplicate_review_id_is_rejected) ... ok
test_duplicate_reviewer_session_and_lane_are_rejected (scripts.tests.test_validate_capability_policy_authorization.AuthorizationNegativeTests.test_duplicate_reviewer_session_and_lane_are_rejected) ... ok
test_extra_authorization_diff_is_rejected (scripts.tests.test_validate_capability_policy_authorization.AuthorizationNegativeTests.test_extra_authorization_diff_is_rejected) ... ok
test_intermediate_change_then_revert_is_still_rejected (scripts.tests.test_validate_capability_policy_authorization.AuthorizationNegativeTests.test_intermediate_change_then_revert_is_still_rejected) ... ok
test_malformed_candidate_type_in_authorization_is_rejected_without_crashing (scripts.tests.test_validate_capability_policy_authorization.AuthorizationNegativeTests.test_malformed_candidate_type_in_authorization_is_rejected_without_crashing) ... ok
test_malformed_head_type_is_rejected_without_crashing (scripts.tests.test_validate_capability_policy_authorization.AuthorizationNegativeTests.test_malformed_head_type_is_rejected_without_crashing) ... ok
test_malformed_identity_types_reject_without_crashing (scripts.tests.test_validate_capability_policy_authorization.AuthorizationNegativeTests.test_malformed_identity_types_reject_without_crashing) ... ok
test_malformed_review_json_is_rejected (scripts.tests.test_validate_capability_policy_authorization.AuthorizationNegativeTests.test_malformed_review_json_is_rejected) ... ok
test_merge_authorization_commit_is_rejected (scripts.tests.test_validate_capability_policy_authorization.AuthorizationNegativeTests.test_merge_authorization_commit_is_rejected) ... ok
test_missing_and_extra_review_fields_are_rejected (scripts.tests.test_validate_capability_policy_authorization.AuthorizationNegativeTests.test_missing_and_extra_review_fields_are_rejected) ... ok
test_missing_review_is_rejected (scripts.tests.test_validate_capability_policy_authorization.AuthorizationNegativeTests.test_missing_review_is_rejected) ... ok
test_nonzero_finding_is_rejected (scripts.tests.test_validate_capability_policy_authorization.AuthorizationNegativeTests.test_nonzero_finding_is_rejected) ... ok
test_protected_portable_alias_added_after_authorization_is_rejected (scripts.tests.test_validate_capability_policy_authorization.AuthorizationNegativeTests.test_protected_portable_alias_added_after_authorization_is_rejected) ... ok
test_replace_ref_does_not_change_literal_authorization_ancestry (scripts.tests.test_validate_capability_policy_authorization.AuthorizationNegativeTests.test_replace_ref_does_not_change_literal_authorization_ancestry) ... ok
test_required_candidate_argument_must_match_record_target (scripts.tests.test_validate_capability_policy_authorization.AuthorizationNegativeTests.test_required_candidate_argument_must_match_record_target) ... ok
test_reviewer_id_length_and_trailing_punctuation_are_rejected (scripts.tests.test_validate_capability_policy_authorization.AuthorizationNegativeTests.test_reviewer_id_length_and_trailing_punctuation_are_rejected) ... ok
test_stale_but_self_consistent_target_is_rejected (scripts.tests.test_validate_capability_policy_authorization.AuthorizationNegativeTests.test_stale_but_self_consistent_target_is_rejected) ... ok
test_symbolic_or_non_lowercase_head_commit_is_rejected (scripts.tests.test_validate_capability_policy_authorization.AuthorizationNegativeTests.test_symbolic_or_non_lowercase_head_commit_is_rejected) ... ok
test_symlink_mode_review_is_rejected (scripts.tests.test_validate_capability_policy_authorization.AuthorizationNegativeTests.test_symlink_mode_review_is_rejected) ... ok
test_wrong_exact_head_commit_is_rejected (scripts.tests.test_validate_capability_policy_authorization.AuthorizationNegativeTests.test_wrong_exact_head_commit_is_rejected) ... ok
test_wrong_parent_is_rejected (scripts.tests.test_validate_capability_policy_authorization.AuthorizationNegativeTests.test_wrong_parent_is_rejected) ... ok
test_wrong_rollback_record_is_rejected (scripts.tests.test_validate_capability_policy_authorization.AuthorizationNegativeTests.test_wrong_rollback_record_is_rejected) ... ok
test_cli_requires_head_only_for_authorization_and_reports_explicit_h (scripts.tests.test_validate_capability_policy_authorization.AuthorizationPositiveTests.test_cli_requires_head_only_for_authorization_and_reports_explicit_h) ... ok
test_dirty_worktree_and_index_do_not_change_explicit_object_verdict (scripts.tests.test_validate_capability_policy_authorization.AuthorizationPositiveTests.test_dirty_worktree_and_index_do_not_change_explicit_object_verdict) ... ok
test_moved_and_deleted_live_rollback_ref_do_not_change_object_verdict (scripts.tests.test_validate_capability_policy_authorization.AuthorizationPositiveTests.test_moved_and_deleted_live_rollback_ref_do_not_change_object_verdict) ... ok
test_positive_initial_authorization (scripts.tests.test_validate_capability_policy_authorization.AuthorizationPositiveTests.test_positive_initial_authorization) ... ok
test_positive_linear_descendant_is_automatically_derived (scripts.tests.test_validate_capability_policy_authorization.AuthorizationPositiveTests.test_positive_linear_descendant_is_automatically_derived) ... ok
test_symbolic_head_move_and_checkout_bytes_do_not_change_explicit_h (scripts.tests.test_validate_capability_policy_authorization.AuthorizationPositiveTests.test_symbolic_head_move_and_checkout_bytes_do_not_change_explicit_h) ... ok
test_case_insensitive_git_environment_redirects_are_scrubbed (scripts.tests.test_validate_capability_policy_authorization.CandidateTests.test_case_insensitive_git_environment_redirects_are_scrubbed) ... ok
test_dirty_worktree_does_not_change_frozen_candidate_object_verdict (scripts.tests.test_validate_capability_policy_authorization.CandidateTests.test_dirty_worktree_does_not_change_frozen_candidate_object_verdict) ... ok
test_malformed_candidate_type_is_rejected_without_crashing (scripts.tests.test_validate_capability_policy_authorization.CandidateTests.test_malformed_candidate_type_is_rejected_without_crashing) ... ok
test_positive_candidate_constructs_exact_target_but_does_not_authorize (scripts.tests.test_validate_capability_policy_authorization.CandidateTests.test_positive_candidate_constructs_exact_target_but_does_not_authorize) ... ok
test_replace_ref_does_not_change_exact_candidate_object_verdict (scripts.tests.test_validate_capability_policy_authorization.CandidateTests.test_replace_ref_does_not_change_exact_candidate_object_verdict) ... ok
test_reserved_exact_path_and_portable_alias_are_rejected (scripts.tests.test_validate_capability_policy_authorization.CandidateTests.test_reserved_exact_path_and_portable_alias_are_rejected) ... ok
test_symbolic_or_non_lowercase_candidate_is_rejected (scripts.tests.test_validate_capability_policy_authorization.CandidateTests.test_symbolic_or_non_lowercase_candidate_is_rejected) ... ok
test_true_candidate_manifest_is_rejected (scripts.tests.test_validate_capability_policy_authorization.CandidateTests.test_true_candidate_manifest_is_rejected) ... ok
test_git_command_disables_replacements_and_scrubs_mixed_case_redirects (scripts.tests.test_validate_capability_policy_authorization.GitRunnerUnitTests.test_git_command_disables_replacements_and_scrubs_mixed_case_redirects) ... ok
test_git_timeout_fails_closed (scripts.tests.test_validate_capability_policy_authorization.GitRunnerUnitTests.test_git_timeout_fails_closed) ... ok
test_portable_key_trims_windows_trailing_dot_and_space_components (scripts.tests.test_validate_capability_policy_authorization.GitRunnerUnitTests.test_portable_key_trims_windows_trailing_dot_and_space_components) ... ok

----------------------------------------------------------------------
Ran 43 tests in 72.819s

OK
