test_executable_required_file_is_rejected (scripts.tests.test_capability_policy_snapshot.RepositorySnapshotGitCommitTests.test_executable_required_file_is_rejected) ... ok
test_forbidden_exact_and_nfkc_alias_are_rejected (scripts.tests.test_capability_policy_snapshot.RepositorySnapshotGitCommitTests.test_forbidden_exact_and_nfkc_alias_are_rejected) ... ok
test_inherited_git_repository_and_config_redirects_are_ignored (scripts.tests.test_capability_policy_snapshot.RepositorySnapshotGitCommitTests.test_inherited_git_repository_and_config_redirects_are_ignored) ... ok
test_malformed_uppercase_missing_and_non_commit_ids_are_rejected (scripts.tests.test_capability_policy_snapshot.RepositorySnapshotGitCommitTests.test_malformed_uppercase_missing_and_non_commit_ids_are_rejected) ... ok
test_missing_required_file_is_rejected (scripts.tests.test_capability_policy_snapshot.RepositorySnapshotGitCommitTests.test_missing_required_file_is_rejected) ... ok
test_nfkc_ancestor_namespace_alias_is_rejected (scripts.tests.test_capability_policy_snapshot.RepositorySnapshotGitCommitTests.test_nfkc_ancestor_namespace_alias_is_rejected) ... ok
test_oversized_governed_blob_is_rejected_before_blob_read (scripts.tests.test_capability_policy_snapshot.RepositorySnapshotGitCommitTests.test_oversized_governed_blob_is_rejected_before_blob_read) ... ok
test_relative_root_and_invalid_size_are_typed_failures (scripts.tests.test_capability_policy_snapshot.RepositorySnapshotGitCommitTests.test_relative_root_and_invalid_size_are_typed_failures) ... ok
test_symlink_mode_required_file_is_rejected_without_filesystem_symlink (scripts.tests.test_capability_policy_snapshot.RepositorySnapshotGitCommitTests.test_symlink_mode_required_file_is_rejected_without_filesystem_symlink) ... ok
test_unexpected_review_entry_is_captured_for_validator_rejection (scripts.tests.test_capability_policy_snapshot.RepositorySnapshotGitCommitTests.test_unexpected_review_entry_is_captured_for_validator_rejection) ... ok
test_valid_commit_capture_returns_exact_immutable_metadata (scripts.tests.test_capability_policy_snapshot.RepositorySnapshotGitCommitTests.test_valid_commit_capture_returns_exact_immutable_metadata) ... ok
test_whole_path_nfkc_collision_is_rejected (scripts.tests.test_capability_policy_snapshot.RepositorySnapshotGitCommitTests.test_whole_path_nfkc_collision_is_rejected) ... ok
test_worktree_mutation_and_untracked_names_are_ignored (scripts.tests.test_capability_policy_snapshot.RepositorySnapshotGitCommitTests.test_worktree_mutation_and_untracked_names_are_ignored) ... ok
test_backend_incomplete_inventory_is_rejected (scripts.tests.test_capability_policy_snapshot.RepositorySnapshotLexicalAndFailureTests.test_backend_incomplete_inventory_is_rejected) ... ok
test_duplicate_case_alias_and_required_forbidden_overlap_are_rejected (scripts.tests.test_capability_policy_snapshot.RepositorySnapshotLexicalAndFailureTests.test_duplicate_case_alias_and_required_forbidden_overlap_are_rejected) ... ok
test_empty_inventory_and_non_sequence_inventory_are_typed_failures (scripts.tests.test_capability_policy_snapshot.RepositorySnapshotLexicalAndFailureTests.test_empty_inventory_and_non_sequence_inventory_are_typed_failures) ... ok
test_invalid_max_file_bytes_is_typed_failure (scripts.tests.test_capability_policy_snapshot.RepositorySnapshotLexicalAndFailureTests.test_invalid_max_file_bytes_is_typed_failure) ... ok
test_relative_governed_path_attack_matrix_is_rejected (scripts.tests.test_capability_policy_snapshot.RepositorySnapshotLexicalAndFailureTests.test_relative_governed_path_attack_matrix_is_rejected) ... ok
test_relative_root_and_dotdot_root_are_rejected_lexically (scripts.tests.test_capability_policy_snapshot.RepositorySnapshotLexicalAndFailureTests.test_relative_root_and_dotdot_root_are_rejected_lexically) ... ok
test_review_and_forbidden_paths_receive_same_lexical_checks (scripts.tests.test_capability_policy_snapshot.RepositorySnapshotLexicalAndFailureTests.test_review_and_forbidden_paths_receive_same_lexical_checks) ... ok
test_unexpected_backend_exception_is_wrapped_as_snapshot_error (scripts.tests.test_capability_policy_snapshot.RepositorySnapshotLexicalAndFailureTests.test_unexpected_backend_exception_is_wrapped_as_snapshot_error) ... ok
test_posix_broken_forbidden_symlink_is_not_absent (scripts.tests.test_capability_policy_snapshot.RepositorySnapshotPosixTests.test_posix_broken_forbidden_symlink_is_not_absent) ... ok
test_posix_descriptors_are_closed_on_success_and_failure (scripts.tests.test_capability_policy_snapshot.RepositorySnapshotPosixTests.test_posix_descriptors_are_closed_on_success_and_failure) ... ok
test_posix_directory_swap_captures_held_inside_objects (scripts.tests.test_capability_policy_snapshot.RepositorySnapshotPosixTests.test_posix_directory_swap_captures_held_inside_objects) ... ok
test_posix_final_ancestor_and_root_symlinks_are_rejected (scripts.tests.test_capability_policy_snapshot.RepositorySnapshotPosixTests.test_posix_final_ancestor_and_root_symlinks_are_rejected) ... ok
test_posix_forbidden_case_and_nfkc_filename_aliases_are_rejected (scripts.tests.test_capability_policy_snapshot.RepositorySnapshotPosixTests.test_posix_forbidden_case_and_nfkc_filename_aliases_are_rejected) ... ok
test_posix_openat_capture_uses_repository_root_not_filesystem_root (scripts.tests.test_capability_policy_snapshot.RepositorySnapshotPosixTests.test_posix_openat_capture_uses_repository_root_not_filesystem_root) ... ok
test_posix_preexisting_writer_prevents_snapshot_lease (scripts.tests.test_capability_policy_snapshot.RepositorySnapshotPosixTests.test_posix_preexisting_writer_prevents_snapshot_lease) ... ok
test_posix_required_and_forbidden_fifos_fail_without_blocking (scripts.tests.test_capability_policy_snapshot.RepositorySnapshotPosixTests.test_posix_required_and_forbidden_fifos_fail_without_blocking) ... ok
test_posix_review_nfkc_alias_is_rejected (scripts.tests.test_capability_policy_snapshot.RepositorySnapshotPosixTests.test_posix_review_nfkc_alias_is_rejected) ... ok
test_posix_second_read_rejects_torn_or_changed_bytes (scripts.tests.test_capability_policy_snapshot.RepositorySnapshotPosixTests.test_posix_second_read_rejects_torn_or_changed_bytes) ... ok
test_posix_writer_open_breaks_held_lease_and_fails_capture (scripts.tests.test_capability_policy_snapshot.RepositorySnapshotPosixTests.test_posix_writer_open_breaks_held_lease_and_fails_capture) ... ok
test_ancestor_directory_symlink_is_rejected (scripts.tests.test_capability_policy_snapshot.RepositorySnapshotWindowsTests.test_ancestor_directory_symlink_is_rejected) ... skipped 'v13 security acceptance targets Windows'
test_authority_directory_swap_after_anchor_cannot_redirect_bytes (scripts.tests.test_capability_policy_snapshot.RepositorySnapshotWindowsTests.test_authority_directory_swap_after_anchor_cannot_redirect_bytes) ... skipped 'v13 security acceptance targets Windows'
test_broken_final_symlink_forbidden_path_is_rejected (scripts.tests.test_capability_policy_snapshot.RepositorySnapshotWindowsTests.test_broken_final_symlink_forbidden_path_is_rejected) ... skipped 'v13 security acceptance targets Windows'
test_broken_junction_forbidden_path_is_rejected (scripts.tests.test_capability_policy_snapshot.RepositorySnapshotWindowsTests.test_broken_junction_forbidden_path_is_rejected) ... skipped 'v13 security acceptance targets Windows'
test_caller_sequence_mutation_cannot_change_snapshot_inventory (scripts.tests.test_capability_policy_snapshot.RepositorySnapshotWindowsTests.test_caller_sequence_mutation_cannot_change_snapshot_inventory) ... skipped 'v13 security acceptance targets Windows'
test_close_failure_is_a_typed_failure_after_all_close_attempts (scripts.tests.test_capability_policy_snapshot.RepositorySnapshotWindowsTests.test_close_failure_is_a_typed_failure_after_all_close_attempts) ... skipped 'v13 security acceptance targets Windows'
test_deterministic_final_reparse_attribute_branch_fails_closed (scripts.tests.test_capability_policy_snapshot.RepositorySnapshotWindowsTests.test_deterministic_final_reparse_attribute_branch_fails_closed) ... skipped 'v13 security acceptance targets Windows'
test_deterministic_reparse_inspection_branch_fails_closed (scripts.tests.test_capability_policy_snapshot.RepositorySnapshotWindowsTests.test_deterministic_reparse_inspection_branch_fails_closed) ... skipped 'v13 security acceptance targets Windows'
test_existing_forbidden_file_is_rejected (scripts.tests.test_capability_policy_snapshot.RepositorySnapshotWindowsTests.test_existing_forbidden_file_is_rejected) ... skipped 'v13 security acceptance targets Windows'
test_final_file_symlink_is_rejected (scripts.tests.test_capability_policy_snapshot.RepositorySnapshotWindowsTests.test_final_file_symlink_is_rejected) ... skipped 'v13 security acceptance targets Windows'
test_forbidden_case_and_nfkc_filename_aliases_are_rejected (scripts.tests.test_capability_policy_snapshot.RepositorySnapshotWindowsTests.test_forbidden_case_and_nfkc_filename_aliases_are_rejected) ... skipped 'v13 security acceptance targets Windows'
test_forbidden_inspection_error_is_not_treated_as_absence (scripts.tests.test_capability_policy_snapshot.RepositorySnapshotWindowsTests.test_forbidden_inspection_error_is_not_treated_as_absence) ... skipped 'v13 security acceptance targets Windows'
test_missing_required_file_is_typed_failure (scripts.tests.test_capability_policy_snapshot.RepositorySnapshotWindowsTests.test_missing_required_file_is_typed_failure) ... skipped 'v13 security acceptance targets Windows'
test_nested_authority_junction_is_rejected (scripts.tests.test_capability_policy_snapshot.RepositorySnapshotWindowsTests.test_nested_authority_junction_is_rejected) ... skipped 'v13 security acceptance targets Windows'
test_no_observable_handle_leak_after_success_and_failure (scripts.tests.test_capability_policy_snapshot.RepositorySnapshotWindowsTests.test_no_observable_handle_leak_after_success_and_failure) ... skipped 'v13 security acceptance targets Windows'
test_nonregular_required_input_is_rejected (scripts.tests.test_capability_policy_snapshot.RepositorySnapshotWindowsTests.test_nonregular_required_input_is_rejected) ... skipped 'v13 security acceptance targets Windows'
test_oversize_required_file_is_rejected_before_read (scripts.tests.test_capability_policy_snapshot.RepositorySnapshotWindowsTests.test_oversize_required_file_is_rejected_before_read) ... skipped 'v13 security acceptance targets Windows'
test_real_write_or_truncate_during_safe_hook_is_blocked_or_rejected (scripts.tests.test_capability_policy_snapshot.RepositorySnapshotWindowsTests.test_real_write_or_truncate_during_safe_hook_is_blocked_or_rejected) ... skipped 'v13 security acceptance targets Windows'
test_repository_root_junction_is_rejected (scripts.tests.test_capability_policy_snapshot.RepositorySnapshotWindowsTests.test_repository_root_junction_is_rejected) ... skipped 'v13 security acceptance targets Windows'
test_repository_root_symlink_is_rejected (scripts.tests.test_capability_policy_snapshot.RepositorySnapshotWindowsTests.test_repository_root_symlink_is_rejected) ... skipped 'v13 security acceptance targets Windows'
test_result_is_deeply_immutable_for_governed_storage (scripts.tests.test_capability_policy_snapshot.RepositorySnapshotWindowsTests.test_result_is_deeply_immutable_for_governed_storage) ... skipped 'v13 security acceptance targets Windows'
test_review_directory_junction_is_rejected (scripts.tests.test_capability_policy_snapshot.RepositorySnapshotWindowsTests.test_review_directory_junction_is_rejected) ... skipped 'v13 security acceptance targets Windows'
test_review_directory_swap_after_anchor_cannot_redirect_enumeration (scripts.tests.test_capability_policy_snapshot.RepositorySnapshotWindowsTests.test_review_directory_swap_after_anchor_cannot_redirect_enumeration) ... skipped 'v13 security acceptance targets Windows'
test_review_name_change_during_capture_is_rejected (scripts.tests.test_capability_policy_snapshot.RepositorySnapshotWindowsTests.test_review_name_change_during_capture_is_rejected) ... skipped 'v13 security acceptance targets Windows'
test_review_nfkc_alias_is_rejected (scripts.tests.test_capability_policy_snapshot.RepositorySnapshotWindowsTests.test_review_nfkc_alias_is_rejected) ... skipped 'v13 security acceptance targets Windows'
test_short_backend_read_is_rejected_without_partial_snapshot (scripts.tests.test_capability_policy_snapshot.RepositorySnapshotWindowsTests.test_short_backend_read_is_rejected_without_partial_snapshot) ... skipped 'v13 security acceptance targets Windows'
test_success_captures_independent_exact_inventory_and_bytes (scripts.tests.test_capability_policy_snapshot.RepositorySnapshotWindowsTests.test_success_captures_independent_exact_inventory_and_bytes) ... skipped 'v13 security acceptance targets Windows'
test_unexpected_review_entry_is_captured_for_validator_rejection (scripts.tests.test_capability_policy_snapshot.RepositorySnapshotWindowsTests.test_unexpected_review_entry_is_captured_for_validator_rejection) ... skipped 'v13 security acceptance targets Windows'
test_zero_limit_accepts_empty_file_and_rejects_nonempty_file (scripts.tests.test_capability_policy_snapshot.RepositorySnapshotWindowsTests.test_zero_limit_accepts_empty_file_and_rejects_nonempty_file) ... skipped 'v13 security acceptance targets Windows'

----------------------------------------------------------------------
Ran 61 tests in 1.157s

OK (skipped=29)
