test_duplicate_canonical_id_rules_are_rejected (test_audit_runtime_licenses.LockAndPolicyParsingTest.test_duplicate_canonical_id_rules_are_rejected) ... ok
test_exception_missing_required_review_evidence_is_rejected (test_audit_runtime_licenses.LockAndPolicyParsingTest.test_exception_missing_required_review_evidence_is_rejected) ... ok
test_legacy_policy_schema_is_rejected (test_audit_runtime_licenses.LockAndPolicyParsingTest.test_legacy_policy_schema_is_rejected) ... ok
test_lock_parser_selects_exact_configuration (test_audit_runtime_licenses.LockAndPolicyParsingTest.test_lock_parser_selects_exact_configuration) ... ok
test_malformed_or_empty_target_lock_is_rejected (test_audit_runtime_licenses.LockAndPolicyParsingTest.test_malformed_or_empty_target_lock_is_rejected) ... ok
test_path_like_lock_and_parent_coordinates_are_rejected (test_audit_runtime_licenses.LockAndPolicyParsingTest.test_path_like_lock_and_parent_coordinates_are_rejected) ... ok
test_policy_cannot_drift_to_a_non_release_configuration (test_audit_runtime_licenses.LockAndPolicyParsingTest.test_policy_cannot_drift_to_a_non_release_configuration) ... ok
test_wildcard_exception_coordinate_is_rejected (test_audit_runtime_licenses.LockAndPolicyParsingTest.test_wildcard_exception_coordinate_is_rejected) ... ok
test_bound_pom_and_jar_hash_field_mutations_fail (test_audit_runtime_licenses.RuntimeLicenseAuditTest.test_bound_pom_and_jar_hash_field_mutations_fail) ... ok
test_checked_in_technical_exception_is_exactly_pinned (test_audit_runtime_licenses.RuntimeLicenseAuditTest.test_checked_in_technical_exception_is_exactly_pinned) ... ok
test_class_count_field_and_required_flags_mutations_fail (test_audit_runtime_licenses.RuntimeLicenseAuditTest.test_class_count_field_and_required_flags_mutations_fail) ... ok
test_disallowed_license_rule_fails_closed (test_audit_runtime_licenses.RuntimeLicenseAuditTest.test_disallowed_license_rule_fails_closed) ... ok
test_duplicate_license_containers_and_fields_are_invalid (test_audit_runtime_licenses.RuntimeLicenseAuditTest.test_duplicate_license_containers_and_fields_are_invalid) ... ok
test_exception_declaration_and_coordinate_drift_fail_at_policy_load (test_audit_runtime_licenses.RuntimeLicenseAuditTest.test_exception_declaration_and_coordinate_drift_fail_at_policy_load) ... ok
test_explicit_empty_licenses_fail_without_inferred_inheritance (test_audit_runtime_licenses.RuntimeLicenseAuditTest.test_explicit_empty_licenses_fail_without_inferred_inheritance) ... ok
test_foreign_namespace_root_and_license_fields_are_invalid (test_audit_runtime_licenses.RuntimeLicenseAuditTest.test_foreign_namespace_root_and_license_fields_are_invalid) ... ok
test_gpl_classpath_in_multiple_declarations_requires_manual_review (test_audit_runtime_licenses.RuntimeLicenseAuditTest.test_gpl_classpath_in_multiple_declarations_requires_manual_review) ... ok
test_happy_path (test_audit_runtime_licenses.RuntimeLicenseAuditTest.test_happy_path) ... ok
test_inventory_is_sorted_by_coordinate_and_license (test_audit_runtime_licenses.RuntimeLicenseAuditTest.test_inventory_is_sorted_by_coordinate_and_license) ... ok
test_jar_class_count_and_annotation_flag_drift_fail (test_audit_runtime_licenses.RuntimeLicenseAuditTest.test_jar_class_count_and_annotation_flag_drift_fail) ... ok
test_jar_hash_and_class_parse_use_the_same_byte_snapshot (test_audit_runtime_licenses.RuntimeLicenseAuditTest.test_jar_hash_and_class_parse_use_the_same_byte_snapshot) ... ok
test_joint_policy_artifact_count_and_source_drift_is_rejected (test_audit_runtime_licenses.RuntimeLicenseAuditTest.test_joint_policy_artifact_count_and_source_drift_is_rejected) ... ok
test_legal_approval_narrative_and_status_drift_are_rejected (test_audit_runtime_licenses.RuntimeLicenseAuditTest.test_legal_approval_narrative_and_status_drift_are_rejected) ... ok
test_malformed_and_unknown_classfiles_fail (test_audit_runtime_licenses.RuntimeLicenseAuditTest.test_malformed_and_unknown_classfiles_fail) ... ok
test_missing_and_ambiguous_main_jar_artifacts_fail (test_audit_runtime_licenses.RuntimeLicenseAuditTest.test_missing_and_ambiguous_main_jar_artifacts_fail) ... ok
test_missing_and_mutated_pinned_source_file_fail (test_audit_runtime_licenses.RuntimeLicenseAuditTest.test_missing_and_mutated_pinned_source_file_fail) ... ok
test_missing_license_and_parent_is_undeclared (test_audit_runtime_licenses.RuntimeLicenseAuditTest.test_missing_license_and_parent_is_undeclared) ... ok
test_missing_pom_fails_closed (test_audit_runtime_licenses.RuntimeLicenseAuditTest.test_missing_pom_fails_closed) ... ok
test_multiple_cached_pom_candidates_are_ambiguous (test_audit_runtime_licenses.RuntimeLicenseAuditTest.test_multiple_cached_pom_candidates_are_ambiguous) ... ok
test_nested_markup_in_scalar_license_fields_is_invalid (test_audit_runtime_licenses.RuntimeLicenseAuditTest.test_nested_markup_in_scalar_license_fields_is_invalid) ... ok
test_parent_license_inheritance_is_recursive_and_evidenced (test_audit_runtime_licenses.RuntimeLicenseAuditTest.test_parent_license_inheritance_is_recursive_and_evidenced) ... ok
test_partial_license_declaration_is_ambiguous (test_audit_runtime_licenses.RuntimeLicenseAuditTest.test_partial_license_declaration_is_ambiguous) ... ok
test_source_path_escape_and_missing_or_ambiguous_source_records_fail (test_audit_runtime_licenses.RuntimeLicenseAuditTest.test_source_path_escape_and_missing_or_ambiguous_source_records_fail) ... ok
test_source_path_hash_url_and_url_hash_mutations_fail (test_audit_runtime_licenses.RuntimeLicenseAuditTest.test_source_path_hash_url_and_url_hash_mutations_fail) ... ok
test_unqualified_legacy_pom_is_explicitly_supported (test_audit_runtime_licenses.RuntimeLicenseAuditTest.test_unqualified_legacy_pom_is_explicitly_supported) ... ok
test_utf16_doctype_and_internal_entities_are_rejected (test_audit_runtime_licenses.RuntimeLicenseAuditTest.test_utf16_doctype_and_internal_entities_are_rejected) ... ok
test_backtick_info_invalidity_does_not_create_a_fence (test_capability_policy_markdown.CapabilityPolicyMarkdownTest.test_backtick_info_invalidity_does_not_create_a_fence) ... ok
test_case_punctuation_inline_code_and_unicode_contractions (test_capability_policy_markdown.CapabilityPolicyMarkdownTest.test_case_punctuation_inline_code_and_unicode_contractions) ... ok
test_comment_stripping_preserves_visible_source_and_line_count (test_capability_policy_markdown.CapabilityPolicyMarkdownTest.test_comment_stripping_preserves_visible_source_and_line_count) ... ok
test_comments_code_quotes_and_labelled_fixture_objects_are_excluded (test_capability_policy_markdown.CapabilityPolicyMarkdownTest.test_comments_code_quotes_and_labelled_fixture_objects_are_excluded) ... ok
test_commonmark_fence_marker_length_and_info_rules (test_capability_policy_markdown.CapabilityPolicyMarkdownTest.test_commonmark_fence_marker_length_and_info_rules) ... ok
test_condition_or_denial_does_not_mask_later_positive_clause (test_capability_policy_markdown.CapabilityPolicyMarkdownTest.test_condition_or_denial_does_not_mask_later_positive_clause) ... ok
test_current_candidate_document_snippets_are_allowed (test_capability_policy_markdown.CapabilityPolicyMarkdownTest.test_current_candidate_document_snippets_are_allowed) ... ok
test_current_policy_parameter_excludes_that_capability_version (test_capability_policy_markdown.CapabilityPolicyMarkdownTest.test_current_policy_parameter_excludes_that_capability_version) ... ok
test_default_ignorable_and_compatibility_forms_do_not_split_claims (test_capability_policy_markdown.CapabilityPolicyMarkdownTest.test_default_ignorable_and_compatibility_forms_do_not_split_claims) ... ok
test_finding_is_immutable (test_capability_policy_markdown.CapabilityPolicyMarkdownTest.test_finding_is_immutable) ... ok
test_logical_block_helper_reports_joined_ranges_and_normalized_cells (test_capability_policy_markdown.CapabilityPolicyMarkdownTest.test_logical_block_helper_reports_joined_ranges_and_normalized_cells) ... ok
test_multiple_positive_clauses_produce_separate_findings (test_capability_policy_markdown.CapabilityPolicyMarkdownTest.test_multiple_positive_clauses_produce_separate_findings) ... ok
test_negative_mirrors_are_allowed (test_capability_policy_markdown.CapabilityPolicyMarkdownTest.test_negative_mirrors_are_allowed) ... ok
test_reference_definitions_and_malformed_markup_are_scoped_fail_closed (test_capability_policy_markdown.CapabilityPolicyMarkdownTest.test_reference_definitions_and_malformed_markup_are_scoped_fail_closed) ... ok
test_review12_commonmark_bypasses_are_normalized (test_capability_policy_markdown.CapabilityPolicyMarkdownTest.test_review12_commonmark_bypasses_are_normalized) ... ok
test_review12_mixed_history_lines_do_not_hide_positive_clause (test_capability_policy_markdown.CapabilityPolicyMarkdownTest.test_review12_mixed_history_lines_do_not_hide_positive_clause) ... ok
test_semantic_paraphrase_and_spaced_identifier_families (test_capability_policy_markdown.CapabilityPolicyMarkdownTest.test_semantic_paraphrase_and_spaced_identifier_families) ... ok
test_truthful_future_conditions_and_meta_denials_are_allowed (test_capability_policy_markdown.CapabilityPolicyMarkdownTest.test_truthful_future_conditions_and_meta_denials_are_allowed) ... ok
test_executable_required_file_is_rejected (test_capability_policy_snapshot.RepositorySnapshotGitCommitTests.test_executable_required_file_is_rejected) ... ok
test_forbidden_exact_and_nfkc_alias_are_rejected (test_capability_policy_snapshot.RepositorySnapshotGitCommitTests.test_forbidden_exact_and_nfkc_alias_are_rejected) ... ok
test_inherited_git_repository_and_config_redirects_are_ignored (test_capability_policy_snapshot.RepositorySnapshotGitCommitTests.test_inherited_git_repository_and_config_redirects_are_ignored) ... ok
test_malformed_uppercase_missing_and_non_commit_ids_are_rejected (test_capability_policy_snapshot.RepositorySnapshotGitCommitTests.test_malformed_uppercase_missing_and_non_commit_ids_are_rejected) ... ok
test_missing_required_file_is_rejected (test_capability_policy_snapshot.RepositorySnapshotGitCommitTests.test_missing_required_file_is_rejected) ... ok
test_nfkc_ancestor_namespace_alias_is_rejected (test_capability_policy_snapshot.RepositorySnapshotGitCommitTests.test_nfkc_ancestor_namespace_alias_is_rejected) ... ok
test_oversized_governed_blob_is_rejected_before_blob_read (test_capability_policy_snapshot.RepositorySnapshotGitCommitTests.test_oversized_governed_blob_is_rejected_before_blob_read) ... ok
test_relative_root_and_invalid_size_are_typed_failures (test_capability_policy_snapshot.RepositorySnapshotGitCommitTests.test_relative_root_and_invalid_size_are_typed_failures) ... ok
test_symlink_mode_required_file_is_rejected_without_filesystem_symlink (test_capability_policy_snapshot.RepositorySnapshotGitCommitTests.test_symlink_mode_required_file_is_rejected_without_filesystem_symlink) ... ok
test_unexpected_review_entry_is_captured_for_validator_rejection (test_capability_policy_snapshot.RepositorySnapshotGitCommitTests.test_unexpected_review_entry_is_captured_for_validator_rejection) ... ok
test_valid_commit_capture_returns_exact_immutable_metadata (test_capability_policy_snapshot.RepositorySnapshotGitCommitTests.test_valid_commit_capture_returns_exact_immutable_metadata) ... ok
test_whole_path_nfkc_collision_is_rejected (test_capability_policy_snapshot.RepositorySnapshotGitCommitTests.test_whole_path_nfkc_collision_is_rejected) ... ok
test_worktree_mutation_and_untracked_names_are_ignored (test_capability_policy_snapshot.RepositorySnapshotGitCommitTests.test_worktree_mutation_and_untracked_names_are_ignored) ... ok
test_backend_incomplete_inventory_is_rejected (test_capability_policy_snapshot.RepositorySnapshotLexicalAndFailureTests.test_backend_incomplete_inventory_is_rejected) ... ok
test_duplicate_case_alias_and_required_forbidden_overlap_are_rejected (test_capability_policy_snapshot.RepositorySnapshotLexicalAndFailureTests.test_duplicate_case_alias_and_required_forbidden_overlap_are_rejected) ... ok
test_empty_inventory_and_non_sequence_inventory_are_typed_failures (test_capability_policy_snapshot.RepositorySnapshotLexicalAndFailureTests.test_empty_inventory_and_non_sequence_inventory_are_typed_failures) ... ok
test_invalid_max_file_bytes_is_typed_failure (test_capability_policy_snapshot.RepositorySnapshotLexicalAndFailureTests.test_invalid_max_file_bytes_is_typed_failure) ... ok
test_relative_governed_path_attack_matrix_is_rejected (test_capability_policy_snapshot.RepositorySnapshotLexicalAndFailureTests.test_relative_governed_path_attack_matrix_is_rejected) ... ok
test_relative_root_and_dotdot_root_are_rejected_lexically (test_capability_policy_snapshot.RepositorySnapshotLexicalAndFailureTests.test_relative_root_and_dotdot_root_are_rejected_lexically) ... ok
test_review_and_forbidden_paths_receive_same_lexical_checks (test_capability_policy_snapshot.RepositorySnapshotLexicalAndFailureTests.test_review_and_forbidden_paths_receive_same_lexical_checks) ... ok
test_unexpected_backend_exception_is_wrapped_as_snapshot_error (test_capability_policy_snapshot.RepositorySnapshotLexicalAndFailureTests.test_unexpected_backend_exception_is_wrapped_as_snapshot_error) ... ok
test_posix_broken_forbidden_symlink_is_not_absent (test_capability_policy_snapshot.RepositorySnapshotPosixTests.test_posix_broken_forbidden_symlink_is_not_absent) ... skipped 'POSIX openat acceptance is POSIX-only'
test_posix_descriptors_are_closed_on_success_and_failure (test_capability_policy_snapshot.RepositorySnapshotPosixTests.test_posix_descriptors_are_closed_on_success_and_failure) ... skipped 'POSIX openat acceptance is POSIX-only'
test_posix_directory_swap_captures_held_inside_objects (test_capability_policy_snapshot.RepositorySnapshotPosixTests.test_posix_directory_swap_captures_held_inside_objects) ... skipped 'POSIX openat acceptance is POSIX-only'
test_posix_final_ancestor_and_root_symlinks_are_rejected (test_capability_policy_snapshot.RepositorySnapshotPosixTests.test_posix_final_ancestor_and_root_symlinks_are_rejected) ... skipped 'POSIX openat acceptance is POSIX-only'
test_posix_forbidden_case_and_nfkc_filename_aliases_are_rejected (test_capability_policy_snapshot.RepositorySnapshotPosixTests.test_posix_forbidden_case_and_nfkc_filename_aliases_are_rejected) ... skipped 'POSIX openat acceptance is POSIX-only'
test_posix_openat_capture_uses_repository_root_not_filesystem_root (test_capability_policy_snapshot.RepositorySnapshotPosixTests.test_posix_openat_capture_uses_repository_root_not_filesystem_root) ... skipped 'POSIX openat acceptance is POSIX-only'
test_posix_preexisting_writer_prevents_snapshot_lease (test_capability_policy_snapshot.RepositorySnapshotPosixTests.test_posix_preexisting_writer_prevents_snapshot_lease) ... skipped 'POSIX openat acceptance is POSIX-only'
test_posix_required_and_forbidden_fifos_fail_without_blocking (test_capability_policy_snapshot.RepositorySnapshotPosixTests.test_posix_required_and_forbidden_fifos_fail_without_blocking) ... skipped 'POSIX openat acceptance is POSIX-only'
test_posix_review_nfkc_alias_is_rejected (test_capability_policy_snapshot.RepositorySnapshotPosixTests.test_posix_review_nfkc_alias_is_rejected) ... skipped 'POSIX openat acceptance is POSIX-only'
test_posix_second_read_rejects_torn_or_changed_bytes (test_capability_policy_snapshot.RepositorySnapshotPosixTests.test_posix_second_read_rejects_torn_or_changed_bytes) ... skipped 'POSIX openat acceptance is POSIX-only'
test_posix_writer_open_breaks_held_lease_and_fails_capture (test_capability_policy_snapshot.RepositorySnapshotPosixTests.test_posix_writer_open_breaks_held_lease_and_fails_capture) ... skipped 'POSIX openat acceptance is POSIX-only'
test_ancestor_directory_symlink_is_rejected (test_capability_policy_snapshot.RepositorySnapshotWindowsTests.test_ancestor_directory_symlink_is_rejected) ... skipped 'Windows symlink privilege is unavailable (WinError 1314)'
test_authority_directory_swap_after_anchor_cannot_redirect_bytes (test_capability_policy_snapshot.RepositorySnapshotWindowsTests.test_authority_directory_swap_after_anchor_cannot_redirect_bytes) ... ok
test_broken_final_symlink_forbidden_path_is_rejected (test_capability_policy_snapshot.RepositorySnapshotWindowsTests.test_broken_final_symlink_forbidden_path_is_rejected) ... skipped 'Windows symlink privilege is unavailable (WinError 1314)'
test_broken_junction_forbidden_path_is_rejected (test_capability_policy_snapshot.RepositorySnapshotWindowsTests.test_broken_junction_forbidden_path_is_rejected) ... ok
test_caller_sequence_mutation_cannot_change_snapshot_inventory (test_capability_policy_snapshot.RepositorySnapshotWindowsTests.test_caller_sequence_mutation_cannot_change_snapshot_inventory) ... ok
test_close_failure_is_a_typed_failure_after_all_close_attempts (test_capability_policy_snapshot.RepositorySnapshotWindowsTests.test_close_failure_is_a_typed_failure_after_all_close_attempts) ... ok
test_deterministic_final_reparse_attribute_branch_fails_closed (test_capability_policy_snapshot.RepositorySnapshotWindowsTests.test_deterministic_final_reparse_attribute_branch_fails_closed) ... ok
test_deterministic_reparse_inspection_branch_fails_closed (test_capability_policy_snapshot.RepositorySnapshotWindowsTests.test_deterministic_reparse_inspection_branch_fails_closed) ... ok
test_existing_forbidden_file_is_rejected (test_capability_policy_snapshot.RepositorySnapshotWindowsTests.test_existing_forbidden_file_is_rejected) ... ok
test_final_file_symlink_is_rejected (test_capability_policy_snapshot.RepositorySnapshotWindowsTests.test_final_file_symlink_is_rejected) ... skipped 'Windows symlink privilege is unavailable (WinError 1314)'
test_forbidden_case_and_nfkc_filename_aliases_are_rejected (test_capability_policy_snapshot.RepositorySnapshotWindowsTests.test_forbidden_case_and_nfkc_filename_aliases_are_rejected) ... ok
test_forbidden_inspection_error_is_not_treated_as_absence (test_capability_policy_snapshot.RepositorySnapshotWindowsTests.test_forbidden_inspection_error_is_not_treated_as_absence) ... ok
test_missing_required_file_is_typed_failure (test_capability_policy_snapshot.RepositorySnapshotWindowsTests.test_missing_required_file_is_typed_failure) ... ok
test_nested_authority_junction_is_rejected (test_capability_policy_snapshot.RepositorySnapshotWindowsTests.test_nested_authority_junction_is_rejected) ... ok
test_no_observable_handle_leak_after_success_and_failure (test_capability_policy_snapshot.RepositorySnapshotWindowsTests.test_no_observable_handle_leak_after_success_and_failure) ... ok
test_nonregular_required_input_is_rejected (test_capability_policy_snapshot.RepositorySnapshotWindowsTests.test_nonregular_required_input_is_rejected) ... ok
test_oversize_required_file_is_rejected_before_read (test_capability_policy_snapshot.RepositorySnapshotWindowsTests.test_oversize_required_file_is_rejected_before_read) ... ok
test_real_write_or_truncate_during_safe_hook_is_blocked_or_rejected (test_capability_policy_snapshot.RepositorySnapshotWindowsTests.test_real_write_or_truncate_during_safe_hook_is_blocked_or_rejected) ... ok
test_repository_root_junction_is_rejected (test_capability_policy_snapshot.RepositorySnapshotWindowsTests.test_repository_root_junction_is_rejected) ... ok
test_repository_root_symlink_is_rejected (test_capability_policy_snapshot.RepositorySnapshotWindowsTests.test_repository_root_symlink_is_rejected) ... skipped 'Windows symlink privilege is unavailable (WinError 1314)'
test_result_is_deeply_immutable_for_governed_storage (test_capability_policy_snapshot.RepositorySnapshotWindowsTests.test_result_is_deeply_immutable_for_governed_storage) ... ok
test_review_directory_junction_is_rejected (test_capability_policy_snapshot.RepositorySnapshotWindowsTests.test_review_directory_junction_is_rejected) ... ok
test_review_directory_swap_after_anchor_cannot_redirect_enumeration (test_capability_policy_snapshot.RepositorySnapshotWindowsTests.test_review_directory_swap_after_anchor_cannot_redirect_enumeration) ... ok
test_review_name_change_during_capture_is_rejected (test_capability_policy_snapshot.RepositorySnapshotWindowsTests.test_review_name_change_during_capture_is_rejected) ... ok
test_review_nfkc_alias_is_rejected (test_capability_policy_snapshot.RepositorySnapshotWindowsTests.test_review_nfkc_alias_is_rejected) ... ok
test_short_backend_read_is_rejected_without_partial_snapshot (test_capability_policy_snapshot.RepositorySnapshotWindowsTests.test_short_backend_read_is_rejected_without_partial_snapshot) ... ok
test_success_captures_independent_exact_inventory_and_bytes (test_capability_policy_snapshot.RepositorySnapshotWindowsTests.test_success_captures_independent_exact_inventory_and_bytes) ... ok
test_unexpected_review_entry_is_captured_for_validator_rejection (test_capability_policy_snapshot.RepositorySnapshotWindowsTests.test_unexpected_review_entry_is_captured_for_validator_rejection) ... ok
test_zero_limit_accepts_empty_file_and_rejects_nonempty_file (test_capability_policy_snapshot.RepositorySnapshotWindowsTests.test_zero_limit_accepts_empty_file_and_rejects_nonempty_file) ... ok
test_camera_and_custom_receiver_permission_parse (test_validate_apk_policy.ApkPermissionParserTest.test_camera_and_custom_receiver_permission_parse) ... ok
test_camera_is_required_exactly_once (test_validate_apk_policy.ApkPermissionParserTest.test_camera_is_required_exactly_once) ... ok
test_every_merged_multiprocess_attribute_is_rejected_by_presence (test_validate_apk_policy.ApkPermissionParserTest.test_every_merged_multiprocess_attribute_is_rejected_by_presence) ... ok
test_full_validator_rejects_missing_camera_and_wrong_package (test_validate_apk_policy.ApkPermissionParserTest.test_full_validator_rejects_missing_camera_and_wrong_package) ... ok
test_internet_permission_is_observable (test_validate_apk_policy.ApkPermissionParserTest.test_internet_permission_is_observable) ... ok
test_missing_weakened_duplicate_and_foreign_permission_declarations_fail (test_validate_apk_policy.ApkPermissionParserTest.test_missing_weakened_duplicate_and_foreign_permission_declarations_fail) ... ok
test_package_name_is_exact (test_validate_apk_policy.ApkPermissionParserTest.test_package_name_is_exact) ... ok
test_permission_attributes_and_sdk_tags_cannot_hide_internet (test_validate_apk_policy.ApkPermissionParserTest.test_permission_attributes_and_sdk_tags_cannot_hide_internet) ... ok
test_permission_tree_and_group_nodes_are_rejected (test_validate_apk_policy.ApkPermissionParserTest.test_permission_tree_and_group_nodes_are_rejected) ... ok
test_receiver_permission_declaration_is_exact_signature (test_validate_apk_policy.ApkPermissionParserTest.test_receiver_permission_declaration_is_exact_signature) ... ok
test_receiver_permission_request_is_required_exactly_once (test_validate_apk_policy.ApkPermissionParserTest.test_receiver_permission_request_is_required_exactly_once) ... ok
test_shared_uid_attributes_are_rejected_by_presence (test_validate_apk_policy.ApkPermissionParserTest.test_shared_uid_attributes_are_rejected_by_presence) ... ok
test_unknown_or_ambiguous_permission_dump_line_fails_closed (test_validate_apk_policy.ApkPermissionParserTest.test_unknown_or_ambiguous_permission_dump_line_fails_closed) ... ok
test_authority_and_manifest_rehash_with_stale_evidence_is_rejected (test_validate_capability_policy.CapabilityPolicyConsistencyTest.test_authority_and_manifest_rehash_with_stale_evidence_is_rejected) ... ok
test_authority_byte_change_without_manifest_update_is_rejected (test_validate_capability_policy.CapabilityPolicyConsistencyTest.test_authority_byte_change_without_manifest_update_is_rejected) ... ok
test_authority_order_mismatch_is_rejected (test_validate_capability_policy.CapabilityPolicyConsistencyTest.test_authority_order_mismatch_is_rejected) ... ok
test_candidate_authorization_paths_and_portable_aliases_are_forbidden (test_validate_capability_policy.CapabilityPolicyConsistencyTest.test_candidate_authorization_paths_and_portable_aliases_are_forbidden) ... ok
test_candidate_manifest_cannot_authorize_implementation (test_validate_capability_policy.CapabilityPolicyConsistencyTest.test_candidate_manifest_cannot_authorize_implementation) ... ok
test_case_variant_unexpected_review_is_rejected (test_validate_capability_policy.CapabilityPolicyConsistencyTest.test_case_variant_unexpected_review_is_rejected) ... ok
test_cli_exact_commit_gate_is_unambiguously_formal (test_validate_capability_policy.CapabilityPolicyConsistencyTest.test_cli_exact_commit_gate_is_unambiguously_formal) ... ok
test_cli_runs_from_repository_root_with_default_dot (test_validate_capability_policy.CapabilityPolicyConsistencyTest.test_cli_runs_from_repository_root_with_default_dot) ... ok
test_deeply_nested_manifest_is_a_typed_validation_error (test_validate_capability_policy.CapabilityPolicyConsistencyTest.test_deeply_nested_manifest_is_a_typed_validation_error) ... ok
test_duplicate_manifest_key_is_rejected (test_validate_capability_policy.CapabilityPolicyConsistencyTest.test_duplicate_manifest_key_is_rejected) ... ok
test_duplicate_or_hidden_current_evidence_linkage_is_rejected (test_validate_capability_policy.CapabilityPolicyConsistencyTest.test_duplicate_or_hidden_current_evidence_linkage_is_rejected) ... ok
test_every_captured_file_byte_mapping_is_consumed (test_validate_capability_policy.CapabilityPolicyConsistencyTest.test_every_captured_file_byte_mapping_is_consumed) ... ok
test_every_historical_rejection_ledger_hash_is_frozen (test_validate_capability_policy.CapabilityPolicyConsistencyTest.test_every_historical_rejection_ledger_hash_is_frozen) ... ok
test_exact_commit_gate_calls_git_snapshot_and_ignores_worktree_mutation (test_validate_capability_policy.CapabilityPolicyConsistencyTest.test_exact_commit_gate_calls_git_snapshot_and_ignores_worktree_mutation) ... ok
test_governed_input_inventory_is_independent_exact_and_complete (test_validate_capability_policy.CapabilityPolicyConsistencyTest.test_governed_input_inventory_is_independent_exact_and_complete) ... ok
test_historical_manifest_missing_is_rejected_by_snapshot (test_validate_capability_policy.CapabilityPolicyConsistencyTest.test_historical_manifest_missing_is_rejected_by_snapshot) ... ok
test_historical_v12_manifest_hash_is_frozen (test_validate_capability_policy.CapabilityPolicyConsistencyTest.test_historical_v12_manifest_hash_is_frozen) ... ok
test_historical_v12_manifest_mutation_is_rejected (test_validate_capability_policy.CapabilityPolicyConsistencyTest.test_historical_v12_manifest_mutation_is_rejected) ... ok
test_invalid_utf8_governed_markdown_fails_closed (test_validate_capability_policy.CapabilityPolicyConsistencyTest.test_invalid_utf8_governed_markdown_fails_closed) ... ok
test_logical_markdown_authorization_findings_reach_integration_gate (test_validate_capability_policy.CapabilityPolicyConsistencyTest.test_logical_markdown_authorization_findings_reach_integration_gate) ... ok
test_malformed_snapshot_shapes_fail_closed (test_validate_capability_policy.CapabilityPolicyConsistencyTest.test_malformed_snapshot_shapes_fail_closed) ... ok
test_manifest_crlf_is_rejected (test_validate_capability_policy.CapabilityPolicyConsistencyTest.test_manifest_crlf_is_rejected) ... ok
test_manifest_lone_surrogate_is_a_typed_validation_error (test_validate_capability_policy.CapabilityPolicyConsistencyTest.test_manifest_lone_surrogate_is_a_typed_validation_error) ... ok
test_minimum_current_authority_set_passes (test_validate_capability_policy.CapabilityPolicyConsistencyTest.test_minimum_current_authority_set_passes) ... ok
test_missing_review_13_is_rejected_by_snapshot_boundary (test_validate_capability_policy.CapabilityPolicyConsistencyTest.test_missing_review_13_is_rejected_by_snapshot_boundary) ... ok
test_no_filesystem_primitive_is_called_after_snapshot_capture (test_validate_capability_policy.CapabilityPolicyConsistencyTest.test_no_filesystem_primitive_is_called_after_snapshot_capture) ... ok
test_older_policy_revision_line_is_rejected_even_when_manifest_is_rehashed (test_validate_capability_policy.CapabilityPolicyConsistencyTest.test_older_policy_revision_line_is_rejected_even_when_manifest_is_rehashed) ... ok
test_policy_revision_hidden_only_in_comment_is_rejected (test_validate_capability_policy.CapabilityPolicyConsistencyTest.test_policy_revision_hidden_only_in_comment_is_rejected) ... ok
test_rejected_review_row_identity_mismatch_is_rejected (test_validate_capability_policy.CapabilityPolicyConsistencyTest.test_rejected_review_row_identity_mismatch_is_rejected) ... ok
test_rejected_v3_marker_must_name_exact_current_authorities (test_validate_capability_policy.CapabilityPolicyConsistencyTest.test_rejected_v3_marker_must_name_exact_current_authorities) ... ok
test_repository_current_policy_references_are_consistent (test_validate_capability_policy.CapabilityPolicyConsistencyTest.test_repository_current_policy_references_are_consistent) ... ok
test_required_contract_token_hidden_in_html_comment_is_rejected (test_validate_capability_policy.CapabilityPolicyConsistencyTest.test_required_contract_token_hidden_in_html_comment_is_rejected) ... ok
test_review_mutation_and_current_manifest_rehash_cannot_replace_history (test_validate_capability_policy.CapabilityPolicyConsistencyTest.test_review_mutation_and_current_manifest_rehash_cannot_replace_history) ... ok
test_snapshot_failure_is_fail_closed_without_fallback (test_validate_capability_policy.CapabilityPolicyConsistencyTest.test_snapshot_failure_is_fail_closed_without_fallback) ... ok
test_stale_execution_revision_is_rejected (test_validate_capability_policy.CapabilityPolicyConsistencyTest.test_stale_execution_revision_is_rejected) ... ok
test_truthful_conditions_denials_and_examples_pass_integration (test_validate_capability_policy.CapabilityPolicyConsistencyTest.test_truthful_conditions_denials_and_examples_pass_integration) ... ok
test_unexpected_review_14_is_rejected_from_captured_names (test_validate_capability_policy.CapabilityPolicyConsistencyTest.test_unexpected_review_14_is_rejected_from_captured_names) ... ok
test_unsafe_post_close_soft_wrap_is_rejected_from_normalized_block (test_validate_capability_policy.CapabilityPolicyConsistencyTest.test_unsafe_post_close_soft_wrap_is_rejected_from_normalized_block) ... ok
test_unsafe_post_close_text_in_fence_is_not_normative (test_validate_capability_policy.CapabilityPolicyConsistencyTest.test_unsafe_post_close_text_in_fence_is_not_normative) ... ok
test_v14_boundary_and_review13_are_current (test_validate_capability_policy.CapabilityPolicyConsistencyTest.test_v14_boundary_and_review13_are_current) ... ok
test_validator_calls_snapshot_with_exact_contract (test_validate_capability_policy.CapabilityPolicyConsistencyTest.test_validator_calls_snapshot_with_exact_contract) ... ok
test_validator_has_no_post_capture_filesystem_dereference_surface (test_validate_capability_policy.CapabilityPolicyConsistencyTest.test_validator_has_no_post_capture_filesystem_dereference_surface) ... ok
test_authorization_record_extra_field_is_rejected (test_validate_capability_policy_authorization.AuthorizationNegativeTests.test_authorization_record_extra_field_is_rejected) ... ok
test_changed_governed_bytes_in_descendant_are_rejected (test_validate_capability_policy_authorization.AuthorizationNegativeTests.test_changed_governed_bytes_in_descendant_are_rejected) ... ok
test_cherry_picked_authorization_is_rejected (test_validate_capability_policy_authorization.AuthorizationNegativeTests.test_cherry_picked_authorization_is_rejected) ... ok
test_conditional_verdict_is_rejected (test_validate_capability_policy_authorization.AuthorizationNegativeTests.test_conditional_verdict_is_rejected) ... ok
test_duplicate_review_id_is_rejected (test_validate_capability_policy_authorization.AuthorizationNegativeTests.test_duplicate_review_id_is_rejected) ... ok
test_duplicate_reviewer_session_and_lane_are_rejected (test_validate_capability_policy_authorization.AuthorizationNegativeTests.test_duplicate_reviewer_session_and_lane_are_rejected) ... ok
test_extra_authorization_diff_is_rejected (test_validate_capability_policy_authorization.AuthorizationNegativeTests.test_extra_authorization_diff_is_rejected) ... ok
test_intermediate_change_then_revert_is_still_rejected (test_validate_capability_policy_authorization.AuthorizationNegativeTests.test_intermediate_change_then_revert_is_still_rejected) ... ok
test_malformed_candidate_type_in_authorization_is_rejected_without_crashing (test_validate_capability_policy_authorization.AuthorizationNegativeTests.test_malformed_candidate_type_in_authorization_is_rejected_without_crashing) ... ok
test_malformed_head_type_is_rejected_without_crashing (test_validate_capability_policy_authorization.AuthorizationNegativeTests.test_malformed_head_type_is_rejected_without_crashing) ... ok
test_malformed_identity_types_reject_without_crashing (test_validate_capability_policy_authorization.AuthorizationNegativeTests.test_malformed_identity_types_reject_without_crashing) ... ok
test_malformed_review_json_is_rejected (test_validate_capability_policy_authorization.AuthorizationNegativeTests.test_malformed_review_json_is_rejected) ... ok
test_merge_authorization_commit_is_rejected (test_validate_capability_policy_authorization.AuthorizationNegativeTests.test_merge_authorization_commit_is_rejected) ... ok
test_missing_and_extra_review_fields_are_rejected (test_validate_capability_policy_authorization.AuthorizationNegativeTests.test_missing_and_extra_review_fields_are_rejected) ... ok
test_missing_review_is_rejected (test_validate_capability_policy_authorization.AuthorizationNegativeTests.test_missing_review_is_rejected) ... ok
test_nonzero_finding_is_rejected (test_validate_capability_policy_authorization.AuthorizationNegativeTests.test_nonzero_finding_is_rejected) ... ok
test_protected_portable_alias_added_after_authorization_is_rejected (test_validate_capability_policy_authorization.AuthorizationNegativeTests.test_protected_portable_alias_added_after_authorization_is_rejected) ... ok
test_replace_ref_does_not_change_literal_authorization_ancestry (test_validate_capability_policy_authorization.AuthorizationNegativeTests.test_replace_ref_does_not_change_literal_authorization_ancestry) ... ok
test_required_candidate_argument_must_match_record_target (test_validate_capability_policy_authorization.AuthorizationNegativeTests.test_required_candidate_argument_must_match_record_target) ... ok
test_reviewer_id_length_and_trailing_punctuation_are_rejected (test_validate_capability_policy_authorization.AuthorizationNegativeTests.test_reviewer_id_length_and_trailing_punctuation_are_rejected) ... ok
test_stale_but_self_consistent_target_is_rejected (test_validate_capability_policy_authorization.AuthorizationNegativeTests.test_stale_but_self_consistent_target_is_rejected) ... ok
test_symbolic_or_non_lowercase_head_commit_is_rejected (test_validate_capability_policy_authorization.AuthorizationNegativeTests.test_symbolic_or_non_lowercase_head_commit_is_rejected) ... ok
test_symlink_mode_review_is_rejected (test_validate_capability_policy_authorization.AuthorizationNegativeTests.test_symlink_mode_review_is_rejected) ... ok
test_wrong_exact_head_commit_is_rejected (test_validate_capability_policy_authorization.AuthorizationNegativeTests.test_wrong_exact_head_commit_is_rejected) ... ok
test_wrong_parent_is_rejected (test_validate_capability_policy_authorization.AuthorizationNegativeTests.test_wrong_parent_is_rejected) ... ok
test_wrong_rollback_record_is_rejected (test_validate_capability_policy_authorization.AuthorizationNegativeTests.test_wrong_rollback_record_is_rejected) ... ok
test_cli_requires_head_only_for_authorization_and_reports_explicit_h (test_validate_capability_policy_authorization.AuthorizationPositiveTests.test_cli_requires_head_only_for_authorization_and_reports_explicit_h) ... ok
test_dirty_worktree_and_index_do_not_change_explicit_object_verdict (test_validate_capability_policy_authorization.AuthorizationPositiveTests.test_dirty_worktree_and_index_do_not_change_explicit_object_verdict) ... ok
test_moved_and_deleted_live_rollback_ref_do_not_change_object_verdict (test_validate_capability_policy_authorization.AuthorizationPositiveTests.test_moved_and_deleted_live_rollback_ref_do_not_change_object_verdict) ... ok
test_positive_initial_authorization (test_validate_capability_policy_authorization.AuthorizationPositiveTests.test_positive_initial_authorization) ... ok
test_positive_linear_descendant_is_automatically_derived (test_validate_capability_policy_authorization.AuthorizationPositiveTests.test_positive_linear_descendant_is_automatically_derived) ... ok
test_symbolic_head_move_and_checkout_bytes_do_not_change_explicit_h (test_validate_capability_policy_authorization.AuthorizationPositiveTests.test_symbolic_head_move_and_checkout_bytes_do_not_change_explicit_h) ... ok
test_case_insensitive_git_environment_redirects_are_scrubbed (test_validate_capability_policy_authorization.CandidateTests.test_case_insensitive_git_environment_redirects_are_scrubbed) ... ok
test_dirty_worktree_does_not_change_frozen_candidate_object_verdict (test_validate_capability_policy_authorization.CandidateTests.test_dirty_worktree_does_not_change_frozen_candidate_object_verdict) ... ok
test_malformed_candidate_type_is_rejected_without_crashing (test_validate_capability_policy_authorization.CandidateTests.test_malformed_candidate_type_is_rejected_without_crashing) ... ok
test_positive_candidate_constructs_exact_target_but_does_not_authorize (test_validate_capability_policy_authorization.CandidateTests.test_positive_candidate_constructs_exact_target_but_does_not_authorize) ... ok
test_replace_ref_does_not_change_exact_candidate_object_verdict (test_validate_capability_policy_authorization.CandidateTests.test_replace_ref_does_not_change_exact_candidate_object_verdict) ... ok
test_reserved_exact_path_and_portable_alias_are_rejected (test_validate_capability_policy_authorization.CandidateTests.test_reserved_exact_path_and_portable_alias_are_rejected) ... ok
test_symbolic_or_non_lowercase_candidate_is_rejected (test_validate_capability_policy_authorization.CandidateTests.test_symbolic_or_non_lowercase_candidate_is_rejected) ... ok
test_true_candidate_manifest_is_rejected (test_validate_capability_policy_authorization.CandidateTests.test_true_candidate_manifest_is_rejected) ... ok
test_git_command_disables_replacements_and_scrubs_mixed_case_redirects (test_validate_capability_policy_authorization.GitRunnerUnitTests.test_git_command_disables_replacements_and_scrubs_mixed_case_redirects) ... ok
test_git_timeout_fails_closed (test_validate_capability_policy_authorization.GitRunnerUnitTests.test_git_timeout_fails_closed) ... ok
test_portable_key_trims_windows_trailing_dot_and_space_components (test_validate_capability_policy_authorization.GitRunnerUnitTests.test_portable_key_trims_windows_trailing_dot_and_space_components) ... ok
test_artifact_drift_is_rejected (test_validate_evidence_bundle.EvidenceBundleValidatorTest.test_artifact_drift_is_rejected) ... ok
test_artifact_filename_without_digest_is_rejected (test_validate_evidence_bundle.EvidenceBundleValidatorTest.test_artifact_filename_without_digest_is_rejected) ... ok
test_duplicate_manifest_path_is_rejected_case_insensitively (test_validate_evidence_bundle.EvidenceBundleValidatorTest.test_duplicate_manifest_path_is_rejected_case_insensitively) ... ok
test_manifest_path_escape_is_rejected (test_validate_evidence_bundle.EvidenceBundleValidatorTest.test_manifest_path_escape_is_rejected) ... ok
test_mutable_build_artifact_path_is_rejected (test_validate_evidence_bundle.EvidenceBundleValidatorTest.test_mutable_build_artifact_path_is_rejected) ... ok
test_source_tree_mismatch_is_rejected (test_validate_evidence_bundle.EvidenceBundleValidatorTest.test_source_tree_mismatch_is_rejected) ... ok
test_unknown_provenance_field_is_rejected (test_validate_evidence_bundle.EvidenceBundleValidatorTest.test_unknown_provenance_field_is_rejected) ... ok
test_unlisted_validation_evidence_is_rejected (test_validate_evidence_bundle.EvidenceBundleValidatorTest.test_unlisted_validation_evidence_is_rejected) ... ok
test_valid_content_addressed_bundle_passes (test_validate_evidence_bundle.EvidenceBundleValidatorTest.test_valid_content_addressed_bundle_passes) ... ok
test_ambiguous_runtime_aar_owners_are_rejected (test_validate_native_runtime.NativeRuntimeValidationTest.test_ambiguous_runtime_aar_owners_are_rejected) ... ok
test_cached_aar_hash_not_in_verification_metadata_is_rejected (test_validate_native_runtime.NativeRuntimeValidationTest.test_cached_aar_hash_not_in_verification_metadata_is_rejected) ... ok
test_duplicate_apk_native_paths_are_rejected (test_validate_native_runtime.NativeRuntimeValidationTest.test_duplicate_apk_native_paths_are_rejected) ... ok
test_expected_inventory_apk_hash_mismatch_is_rejected (test_validate_native_runtime.NativeRuntimeValidationTest.test_expected_inventory_apk_hash_mismatch_is_rejected) ... ok
test_pass_maps_every_apk_native_entry_to_verified_runtime_aar (test_validate_native_runtime.NativeRuntimeValidationTest.test_pass_maps_every_apk_native_entry_to_verified_runtime_aar) ... ok
test_two_artifacts_for_same_coordinate_are_ambiguous (test_validate_native_runtime.NativeRuntimeValidationTest.test_two_artifacts_for_same_coordinate_are_ambiguous) ... ok
test_unmatched_apk_native_entry_is_rejected (test_validate_native_runtime.NativeRuntimeValidationTest.test_unmatched_apk_native_entry_is_rejected) ... ok
test_jpeg_in_app_drawable_is_rejected (test_validate_project_assets.ProjectAssetValidatorTest.test_jpeg_in_app_drawable_is_rejected) ... ok
test_mixed_generation_method_is_rejected (test_validate_project_assets.ProjectAssetValidatorTest.test_mixed_generation_method_is_rejected) ... ok
test_no_assets_is_explicitly_not_g6 (test_validate_project_assets.ProjectAssetValidatorTest.test_no_assets_is_explicitly_not_g6) ... ok
test_path_traversal_is_rejected (test_validate_project_assets.ProjectAssetValidatorTest.test_path_traversal_is_rejected) ... ok
test_raster_in_games_module_is_rejected (test_validate_project_assets.ProjectAssetValidatorTest.test_raster_in_games_module_is_rejected) ... ok
test_registry_external_asset_is_rejected (test_validate_project_assets.ProjectAssetValidatorTest.test_registry_external_asset_is_rejected) ... ok
test_valid_synthetic_lineage (test_validate_project_assets.ProjectAssetValidatorTest.test_valid_synthetic_lineage) ... ok
test_vector_drawable_is_rejected (test_validate_project_assets.ProjectAssetValidatorTest.test_vector_drawable_is_rejected) ... ok
test_visual_in_android_assets_is_rejected (test_validate_project_assets.ProjectAssetValidatorTest.test_visual_in_android_assets_is_rejected) ... ok
test_wrong_hash_is_rejected (test_validate_project_assets.ProjectAssetValidatorTest.test_wrong_hash_is_rejected) ... ok
test_exact_versions_are_allowed (test_validate_supply_chain.DynamicVersionTest.test_exact_versions_are_allowed) ... ok
test_exact_versions_with_non_range_punctuation_are_allowed (test_validate_supply_chain.DynamicVersionTest.test_exact_versions_with_non_range_punctuation_are_allowed) ... ok
test_gradle_plus_versions_are_rejected (test_validate_supply_chain.DynamicVersionTest.test_gradle_plus_versions_are_rejected) ... ok
test_latest_and_snapshot_are_rejected (test_validate_supply_chain.DynamicVersionTest.test_latest_and_snapshot_are_rejected) ... ok
test_maven_ranges_are_rejected (test_validate_supply_chain.DynamicVersionTest.test_maven_ranges_are_rejected) ... ok
test_alternate_range_is_rejected_in_gradle_dependency_string (test_validate_supply_chain.RepositoryPolicyTest.test_alternate_range_is_rejected_in_gradle_dependency_string) ... ok
test_alternate_range_is_rejected_in_verification_metadata (test_validate_supply_chain.RepositoryPolicyTest.test_alternate_range_is_rejected_in_verification_metadata) ... ok
test_app_multiprocess_attributes_are_rejected (test_validate_supply_chain.RepositoryPolicyTest.test_app_multiprocess_attributes_are_rejected) ... ok
test_applied_gradle_script_cannot_escape_inventory (test_validate_supply_chain.RepositoryPolicyTest.test_applied_gradle_script_cannot_escape_inventory) ... ok
test_approved_project_edges_have_no_edge_error (test_validate_supply_chain.RepositoryPolicyTest.test_approved_project_edges_have_no_edge_error) ... ok
test_bare_dash_sequence_items_receive_distinct_mapping_scopes (test_validate_supply_chain.RepositoryPolicyTest.test_bare_dash_sequence_items_receive_distinct_mapping_scopes) ... ok
test_debug_runtime_drift_from_audited_release_runtime_is_rejected (test_validate_supply_chain.RepositoryPolicyTest.test_debug_runtime_drift_from_audited_release_runtime_is_rejected) ... ok
test_escaped_action_key_is_rejected (test_validate_supply_chain.RepositoryPolicyTest.test_escaped_action_key_is_rejected) ... ok
test_explicit_yaml_key_is_rejected (test_validate_supply_chain.RepositoryPolicyTest.test_explicit_yaml_key_is_rejected) ... ok
test_find_project_dependency_lookup_is_rejected (test_validate_supply_chain.RepositoryPolicyTest.test_find_project_dependency_lookup_is_rejected) ... ok
test_flow_mapping_action_cannot_escape_pin_check (test_validate_supply_chain.RepositoryPolicyTest.test_flow_mapping_action_cannot_escape_pin_check) ... ok
test_forbidden_project_edge_is_rejected (test_validate_supply_chain.RepositoryPolicyTest.test_forbidden_project_edge_is_rejected) ... ok
test_full_tree_toml_exact_version_control_passes (test_validate_supply_chain.RepositoryPolicyTest.test_full_tree_toml_exact_version_control_passes) ... ok
test_full_tree_toml_gradle_range_forms_are_rejected (test_validate_supply_chain.RepositoryPolicyTest.test_full_tree_toml_gradle_range_forms_are_rejected) ... ok
test_gradle_launchers_and_daemon_properties_are_hash_pinned (test_validate_supply_chain.RepositoryPolicyTest.test_gradle_launchers_and_daemon_properties_are_hash_pinned) ... ok
test_groovy_applied_script_is_rejected (test_validate_supply_chain.RepositoryPolicyTest.test_groovy_applied_script_is_rejected) ... ok
test_groovy_map_apply_is_rejected (test_validate_supply_chain.RepositoryPolicyTest.test_groovy_map_apply_is_rejected) ... ok
test_groovy_no_parentheses_include_build_is_rejected (test_validate_supply_chain.RepositoryPolicyTest.test_groovy_no_parentheses_include_build_is_rejected) ... ok
test_groovy_project_edge_cannot_bypass_policy (test_validate_supply_chain.RepositoryPolicyTest.test_groovy_project_edge_cannot_bypass_policy) ... ok
test_groovy_project_method_pointer_is_rejected (test_validate_supply_chain.RepositoryPolicyTest.test_groovy_project_method_pointer_is_rejected) ... ok
test_invalid_anchor_like_node_fails_closed (test_validate_supply_chain.RepositoryPolicyTest.test_invalid_anchor_like_node_fails_closed) ... ok
test_invalid_yaml_constructs_fail_closed (test_validate_supply_chain.RepositoryPolicyTest.test_invalid_yaml_constructs_fail_closed) ... ok
test_local_action_is_outside_the_approved_inventory (test_validate_supply_chain.RepositoryPolicyTest.test_local_action_is_outside_the_approved_inventory) ... ok
test_missing_and_traversing_local_actions_are_rejected (test_validate_supply_chain.RepositoryPolicyTest.test_missing_and_traversing_local_actions_are_rejected) ... ok
test_named_project_edge_cannot_bypass_policy (test_validate_supply_chain.RepositoryPolicyTest.test_named_project_edge_cannot_bypass_policy) ... ok
test_nested_flow_reusable_workflow_is_rejected (test_validate_supply_chain.RepositoryPolicyTest.test_nested_flow_reusable_workflow_is_rejected) ... ok
test_parallel_groovy_settings_file_is_rejected (test_validate_supply_chain.RepositoryPolicyTest.test_parallel_groovy_settings_file_is_rejected) ... ok
test_parenthesized_type_safe_project_accessor_is_rejected (test_validate_supply_chain.RepositoryPolicyTest.test_parenthesized_type_safe_project_accessor_is_rejected) ... ok
test_plain_apostrophes_expression_literals_and_block_content_are_allowed (test_validate_supply_chain.RepositoryPolicyTest.test_plain_apostrophes_expression_literals_and_block_content_are_allowed) ... ok
test_plain_run_braces_and_star_are_not_yaml_structure (test_validate_supply_chain.RepositoryPolicyTest.test_plain_run_braces_and_star_are_not_yaml_structure) ... ok
test_quoted_unpinned_action_key_is_rejected (test_validate_supply_chain.RepositoryPolicyTest.test_quoted_unpinned_action_key_is_rejected) ... ok
test_repository_policy_currently_passes (test_validate_supply_chain.RepositoryPolicyTest.test_repository_policy_currently_passes) ... ok
test_required_lockfile_deletion_is_rejected (test_validate_supply_chain.RepositoryPolicyTest.test_required_lockfile_deletion_is_rejected) ... ok
test_scoped_type_safe_accessor_is_rejected (test_validate_supply_chain.RepositoryPolicyTest.test_scoped_type_safe_accessor_is_rejected) ... ok
test_sdk_permission_and_dynamic_permission_nodes_are_rejected (test_validate_supply_chain.RepositoryPolicyTest.test_sdk_permission_and_dynamic_permission_nodes_are_rejected) ... ok
test_shared_uid_manifest_attributes_are_rejected (test_validate_supply_chain.RepositoryPolicyTest.test_shared_uid_manifest_attributes_are_rejected) ... ok
test_source_camera_permission_cannot_have_max_sdk (test_validate_supply_chain.RepositoryPolicyTest.test_source_camera_permission_cannot_have_max_sdk) ... ok
test_spaced_merge_key_and_flow_map_cannot_hide_action (test_validate_supply_chain.RepositoryPolicyTest.test_spaced_merge_key_and_flow_map_cannot_hide_action) ... ok
test_toml_escaped_dynamic_versions_are_rejected_after_decode (test_validate_supply_chain.RepositoryPolicyTest.test_toml_escaped_dynamic_versions_are_rejected_after_decode) ... ok
test_trusted_artifacts_cannot_disable_dependency_verification (test_validate_supply_chain.RepositoryPolicyTest.test_trusted_artifacts_cannot_disable_dependency_verification) ... ok
test_type_safe_project_edge_cannot_bypass_policy (test_validate_supply_chain.RepositoryPolicyTest.test_type_safe_project_edge_cannot_bypass_policy) ... ok
test_unpinned_action_and_permission_are_rejected (test_validate_supply_chain.RepositoryPolicyTest.test_unpinned_action_and_permission_are_rejected) ... ok
test_unpinned_job_and_service_containers_are_rejected (test_validate_supply_chain.RepositoryPolicyTest.test_unpinned_job_and_service_containers_are_rejected) ... ok
test_unrecognized_project_call_fails_closed (test_validate_supply_chain.RepositoryPolicyTest.test_unrecognized_project_call_fails_closed) ... ok
test_uses_text_in_run_string_and_comment_is_not_a_mapping (test_validate_supply_chain.RepositoryPolicyTest.test_uses_text_in_run_string_and_comment_is_not_a_mapping) ... ok
test_variable_include_build_is_rejected (test_validate_supply_chain.RepositoryPolicyTest.test_variable_include_build_is_rejected) ... ok
test_yaml_anchor_alias_is_rejected (test_validate_supply_chain.RepositoryPolicyTest.test_yaml_anchor_alias_is_rejected) ... ok
test_yaml_tags_cannot_hide_action_key (test_validate_supply_chain.RepositoryPolicyTest.test_yaml_tags_cannot_hide_action_key) ... ok

----------------------------------------------------------------------
Ran 292 tests in 104.766s

OK (skipped=15)
